#code#####  #name                        #start      #base    #number
#                                                             
#           #基指                                             
0000001     #上证指数                    1990-12-19  100      2243
1399001     #深指                                             
1399006     #创指                                             
#                                                             
#           #规模指数                                         
0000001     #上证指数                    1990-12-19  100      2243
0000002     #Ａ股指数                    1990-12-19  100      2201
0000003     #Ｂ股指数                    1992-02-21  100      41
0000009     #上证380                     2003-12-31  1000     380
0000010     #上证180                     2002-06-28  3299.06  180
0000016     #上证50                      2003-12-31  1000     50
0000017     #新综指                      2005-12-30  1000     2201
0000020     #中型综指                    2007-12-28  1000     862
0000043     #超大盘                      2003-12-31  1000     20
0000044     #上证中盘                    2003-12-31  1000     130
0000045     #上证小盘                    2003-12-31  1000     320
0000046     #上证中小                    2003-12-31  1000     450
0000047     #上证全指                    2003-12-31  1000     500
0000090     #上证流通                    2009-12-31  1000     2201
0000132     #上证100                     2003-12-31  1000     100
0000133     #上证150                     2003-12-31  1000     150
0000155     #市值百强                    2003-12-31  1000     100
0000680     #科创综指                    2019-12-31  1000     578
0000681     #科创价格                    2019-12-31  1000     578
0000688     #科创50                      2019-12-31  1000     50
0000698     #科创100                     2019-12-31  1000     100
0000699     #科创200                     2022-12-30  1000     200
0950580     #上证580                     2018-12-28  1000     580
#                                                             
#           #行业指数                                         
0000004     #工业指数                    1993-04-30  1358.78  1683
0000005     #商业指数                    1993-04-30  1358.78  170
0000006     #地产指数                    1993-04-30  1358.78  24
0000007     #公用指数                    1993-04-30  1358.78  139
0000008     #综合指数                    1993-04-30  1358.78  227
0000018     #180金融                     2002-06-28  1000     43
0000032     #上证能源                    2003-12-31  1000     30
0000033     #上证材料                    2003-12-31  1000     50
0000034     #上证工业                    2003-12-31  1000     50
0000035     #上证可选                    2003-12-31  1000     50
0000036     #上证消费                    2003-12-31  1000     30
0000037     #上证医药                    2003-12-31  1000     49
0000038     #上证金融                    2003-12-31  1000     30
0000039     #上证信息                    2003-12-31  1000     50
0000040     #上证通信                    2003-12-31  1000     33
0000041     #上证公用                    2003-12-31  1000     30
0000104     #380能源                     2003-12-31  1000     17
0000105     #380材料                     2003-12-31  1000     48
0000106     #380工业                     2003-12-31  1000     100
0000107     #380可选                     2003-12-31  1000     31
0000108     #380消费                     2003-12-31  1000     18
0000109     #380医药                     2003-12-31  1000     40
0000110     #380金融                     2003-12-31  1000     22
0000111     #380信息                     2003-12-31  1000     50
0000112     #380通信                     2003-12-31  1000     22
0000113     #380公用                     2003-12-31  1000     18
0950105     #上证证券                    2012-12-31  1000     33
0950215     #180金融行业                 2007-12-28  1000     43
0950216     #380地产                     2007-12-28  1000     14
0950217     #上证地产                    2007-12-28  1000     29
0950218     #房地产等权                  2007-12-28  1000     29
0950219     #沪地产红                    2007-12-28  1000     9
#                                                             
#           #风格指数                                         
0000028     #180成长                     2002-06-28  1000     60
0000029     #180价值                     2002-06-28  1000     60
0000030     #180R成长                    2002-06-28  1000     133
0000031     #180R价值                    2002-06-28  1000     133
0000057     #全指成长                    2003-12-31  1000     150
0000058     #全指价值                    2003-12-31  1000     150
0000059     #全R成长                     2003-12-31  1000     380
0000060     #全R价值                     2003-12-31  1000     380
0000117     #380成长                     2003-12-31  1000     120
0000118     #380价值                     2003-12-31  1000     120
0000119     #380R成长                    2003-12-31  1000     287
0000120     #380R价值                    2003-12-31  1000     287
#                                                             
#           #主题指数                                         
0000015     #红利指数                    2004-12-31  1000     50
0000019     #治理指数                    2007-06-29  1000     300
0000021     #180治理                     2007-06-29  1000     100
0000025     #180基建                     2002-06-28  1000     32
0000026     #180资源                     2002-06-28  1000     17
0000027     #180运输                     2002-06-28  1000     12
0000042     #上证央企                    2008-12-31  1000     50
0000048     #责任指数                    2009-06-30  1000     100
0000049     #上证民企                    2009-06-30  1000     50
0000054     #上证海外                    2006-12-29  1000     68
0000055     #上证地企                    2009-06-30  1000     50
0000056     #上证国企                    2009-06-30  1000     100
0000062     #上证沪企                    2005-12-31  1000     50
0000063     #上证周期                    2003-12-31  1000     50
0000064     #非周期                      2003-12-31  1000     100
0000065     #上证龙头                    2003-12-31  1000     93
0000066     #上证商品                    2003-12-31  1000     50
0000067     #上证新兴                    2003-12-31  1000     50
0000068     #上证资源                    2003-12-31  1000     47
0000069     #消费80                      2003-12-31  1000     79
0000092     #资源50                      2003-12-31  1000     50
0000094     #上证上游                    2003-12-31  1000     46
0000095     #上证中游                    2003-12-31  1000     205
0000096     #上证下游                    2003-12-31  1000     141
0000097     #高端装备                    2004-12-31  1000     60
0000102     #沪投资品                    2003-12-31  1000     50
0000103     #沪消费品                    2003-12-31  1000     46
0000114     #持续产业                    2011-06-30  1000     40
0000121     #医药主题                    2003-12-31  1000     49
0000122     #上证农业                    2011-06-30  1000     33
0000126     #消费50                      2004-12-31  1000     50
0000131     #上证高新                    2011-06-30  1000     50
0000134     #上证银行                    2007-12-31  1000     26
0000145     #优势资源                    2003-12-31  1000     40
0000146     #优势制造                    2003-12-31  1000     50
0000147     #优势消费                    2003-12-31  1000     42
0000148     #消费领先                    2004-12-31  1000     99
0000149     #180红利                     2004-12-31  1000     30
0000150     #380红利                     2004-12-31  1000     30
0000151     #上国红利                    2009-06-30  1000     30
0000152     #上央红利                    2008-12-31  1000     30
0000153     #上民红利                    2009-06-30  1000     30
0000158     #上证环保                    2011-12-30  1000     40
0000159     #沪股通                      2003-12-31  1000     1539
0000160     #沪新丝路                    2012-12-31  1000     70
0000161     #沪中国造                    2012-06-29  1000     150
0000162     #沪互联+                     2012-06-29  1000     71
0000171     #新兴成指                    2010-12-31  1000     100
0000682     #科创信息                    2019-12-31  1000     50
0000683     #科创生物                    2019-12-31  1000     50
0000685     #科创芯片                    2019-12-31  1000     50
0000687     #科创高装                    2019-12-31  1000     50
0000689     #科创材料                    2019-12-31  1000     50
0000691     #科创ESG                     2019-12-31  1000     50
0000692     #科创新能                    2019-12-31  1000     42
0000693     #科创机械                    2019-12-31  1000     50
0000695     #科长三角                    2019-12-31  1000     50
0000697     #科大湾区                    2019-12-31  1000     50
0950070     #上证汽车                    2004-12-31  1000     50
0950071     #上证基建                    2004-12-31  1000     46
0950072     #沪信安全                    2010-12-31  1000     27
0950073     #沪互联网                    2012-06-29  1000     100
0950074     #沪互金融                    2012-06-29  1000     18
0950075     #沪现代农                    2010-12-31  1000     26
0950079     #上证混改                    2013-12-31  1000     50
0950080     #中小企改                    2013-12-31  1000     47
0950081     #180碳效                     2013-06-28  1000     175
0950082     #上海改革                    2011-12-31  1000     72
0950083     #上证长三角                  2012-12-31  1000     100
0950085     #沪物联网                    2012-06-29  1000     50
0950086     #沪自贸区                    2013-12-31  1000     80
0950087     #上证海洋                    2009-12-31  1000     50
0950088     #沪轻资产                    2004-12-31  1000     99
0950089     #上证电子                    2004-12-31  1000     50
0950097     #沪供给侧                    2013-12-31  1000     100
0950100     #上高股息                    2004-12-31  1000     50
0950101     #沪智能造                    2012-06-29  1000     50
0950106     #上证创新                    2012-12-31  1000     100
0950107     #380创新                     2012-12-31  1000     49
0950125     #科创半导体材料设备          2019-12-31  1000     30
0950161     #科创新药                    2022-12-30  1000     30
0950162     #科创芯片设计                2019-12-31  1000     50
0950180     #科创AI                      2022-12-30  1000     30
0950189     #沪新基建                    2014-12-31  1000     90
0950194     #上证新能源车                2014-12-31  1000     31
0950220     #上证新能源                  2008-12-31  1000     92
0950222     #沪专精特新                  2018-12-28  1000     100
0950223     #50ESG                       2017-06-30  1000     49
0950224     #180ESG基准                  2017-06-30  1000     146
0950225     #380ESG                      2021-06-30  1000     296
0950226     #180ESG领先                  2017-06-30  1000     60
0950227     #380ESG领先                  2021-06-30  1000     120
0950238     #上证光伏                    2017-12-29  1000     30
0950239     #上证太阳能                  2017-12-29  1000     50
0950253     #国新科创国企                2022-12-30  1000     76
0950255     #科创医疗                    2022-12-30  1000     30
0950332     #科创计算机                  2022-12-30  1000     50
0950357     #科创专精特新                2024-06-28  1000     50
0950363     #科创民企                    2019-12-31  1000     428
#                                                             
#           #策略指数                                         
0000050     #50等权                      2003-12-31  1000     50
0000051     #180等权                     2002-06-28  3299.06  180
0000052     #50基本                      2003-12-31  1000     50
0000053     #180基本                     2002-06-28  3299.06  180
0000070     #能源等权                    2003-12-31  1000     30
0000071     #材料等权                    2003-12-31  1000     50
0000072     #工业等权                    2003-12-31  1000     50
0000073     #可选等权                    2003-12-31  1000     50
0000074     #消费等权                    2003-12-31  1000     30
0000075     #医药等权                    2003-12-31  1000     49
0000076     #金融等权                    2003-12-31  1000     30
0000077     #信息等权                    2003-12-31  1000     50
0000078     #通信等权                    2003-12-31  1000     33
0000079     #公用等权                    2003-12-31  1000     30
0000093     #180分层                     2002-06-28  3299.06  180
0000098     #上证F200                    2004-12-31  1000     199
0000099     #上证F300                    2004-12-31  1000     299
0000100     #上证F500                    2004-12-31  1000     498
0000115     #380等权                     2003-12-31  1000     380
0000123     #180动态                     2002-06-28  3299.06  90
0000125     #180稳定                     2002-06-28  3299.06  90
0000128     #380基本                     2003-12-31  1000     379
0000129     #180波动                     2002-06-28  3299.06  100
0000130     #380波动                     2003-12-31  1000     100
0000135     #180高贝                     2002-06-28  3299.06  60
0000136     #180低贝                     2002-06-28  3299.06  60
0000137     #380高贝                     2003-12-31  1000     100
0000138     #380低贝                     2003-12-31  1000     100
0000141     #380动态                     2003-12-31  1000     190
0000142     #380稳定                     2003-12-31  1000     189
0000690     #科创成长                    2019-12-31  1000     50
0950050     #沪红利配置                  2013-12-31  1000     -
0950076     #50两倍                      2009-06-30  2500     50
0950077     #50反向                      2009-06-30  2500     50
0950078     #50反两                      2009-06-30  2500     50
0950094     #上证增持                    2011-12-31  1000     49
0950095     #上证定增                    2011-12-31  1000     50
0950098     #180SNLV                     2004-12-31  1000     100
0950099     #380SNLV                     2004-12-31  1000     150
0950178     #科创民企策略                2019-12-31  1000     50
0950179     #上证回购                    2018-12-28  1000     50
0950181     #上证红利增长                2013-12-31  1000     49
0950182     #180红利增长                 2013-12-31  1000     30
0950258     #上证红利质量                2013-12-31  1000     50
0950259     #上证180红利质量             2013-12-31  1000     50
0950283     #科创盈利质量                2019-12-31  1000     50
0950333     #智选创新价值                2019-12-31  1000     100
0950393     #创新成长策略精选            2022-12-30  1000     80
#                                                             
#           #债券指数                                         
0000012     #国债指数                    2002-12-31  100      178
0000013     #企债指数                    2002-12-31  100      6885
0000022     #沪公司债                    2007-12-31  100      4185
0000061     #沪企债30                    2008-12-31  100      30
0000101     #5年信用                     2007-12-31  100      598
0000116     #信用100                     2007-12-31  100      100
0000139     #上证转债                    2002-12-31  100      182
0950041     #上证投资级转债及可交换债    2008-12-31  100      91
0950045     #上证5年期地债               2013-12-31  100      1187
0950046     #上证3年期地债               2013-12-31  100      2723
0950047     #上证1-5年地债               2013-12-31  100      4142
0950051     #沪转债L                     2008-12-31  100      171
0950084     #2年国债                     2008-12-31  100      8
0950108     #上证民企公司债              2011-12-31  100      86
0950109     #上证10年地债                2013-12-31  100      2531
0950110     #上证超长国债                2008-12-31  100      60
0950111     #沪短期AAA央企债             2016-12-30  100      224
0950112     #沪短期高等级信用债          2016-12-30  100      812
0950113     #沪质中高债3-5               2008-12-31  100      634
0950115     #上证ABS                     2016-12-30  100      -
0950116     #上证优先级ABS               2016-12-30  100      -
0950117     #上证绿色债                  2016-12-30  100      261
0950118     #上证绿色公司债              2016-12-30  100      138
0950119     #上证可交换债                2015-12-31  100      1
0950120     #上证转债及可交换债          2002-12-31  100      183
0950122     #沪长三角高等级绿债          2017-12-29  100      77
0950126     #沪信用债AAA                 2011-12-31  100      4661
0950127     #沪信用债AA+                 2008-12-31  100      919
0950128     #沪信用债AA                  2008-12-31  100      145
0950129     #沪信用债0-1                 2011-12-31  100      1302
0950130     #沪信用债1-3                 2008-12-31  100      2912
0950131     #沪信用债3-5                 2011-12-31  100      1983
0950132     #沪信用债5-7                 2007-12-31  100      278
0950133     #沪信用债7-10                2011-12-31  100      405
0950134     #沪信用债1-5                 2011-12-31  100      4895
0950135     #沪信用债中高等级            2007-12-31  100      5580
0950136     #沪信用债0-1中高等级         2011-12-31  100      1242
0950137     #沪信用债1-3中高等级         2007-12-31  100      2818
0950138     #沪信用债3-5中高等级         2007-12-31  100      1933
0950139     #沪信用债5-7中高等级         2007-12-31  100      277
0950140     #沪信用债7-10中高等级        2011-12-31  100      405
0950141     #沪信用债1-5中高等级         2007-12-31  100      4751
0950142     #沪AAA短期信用债             2011-12-31  100      1100
0950143     #沪信用债1-3AAA              2011-12-31  100      2342
0950144     #沪信用债3-5AAA              2011-12-31  100      1531
0950145     #沪信用债5-7AAA              2011-12-31  100      245
0950146     #沪信用债7-10AAA             2011-12-31  100      397
0950147     #沪信用债1-5AAA              2011-12-31  100      3873
0950148     #沪信用债0-1AA+              2011-12-31  100      219
0950149     #沪信用债1-3AA+              2009-12-31  100      476
0950150     #沪信用债3-5AA+              2008-12-31  100      402
0950151     #沪信用债5-7AA+              2008-12-31  100      32
0950152     #沪信用债7-10AA+             2009-12-31  100      8
0950153     #沪信用债1-5AA+              2008-12-31  100      878
0950154     #沪信用债0-1AA               2012-12-31  100      60
0950155     #沪信用债1-3AA               2009-12-31  100      94
0950156     #沪信用债3-5AA               2008-12-31  100      50
0950157     #沪信用债5-7AA               2008-12-31  100      1
0950158     #沪信用债7-10AA              2009-12-31  100      -
0950159     #沪信用债1-5AA               2008-12-31  100      144
0950165     #沪科创债                    2022-06-30  100      1114
0950166     #沪高等级科创债              2022-06-30  100      978
0950167     #沪AAA科创债                 2022-06-30  100      957
0950168     #沪0-3AAA科创债              2022-06-30  100      
0950169     #沪0-5AAA科创债              2022-06-30  100      
0950170     #沪AAA国企科创债             2022-06-30  100      941
0950171     #沪0-3AAA国企科创债          2022-06-30  100      
0950172     #沪0-5AAA国企科创债          2022-06-30  100      
0950175     #沪30年国债                  2010-12-31  100      12
0950176     #沪0-2国债及政金债           2007-12-31  100      71
0950177     #沪1-5国债及政金债           2007-12-31  100      67
0950183     #上证绿色债AAA               2016-12-30  100      194
0950184     #上证高等级绿色债            2016-12-30  100      248
0950185     #上证绿色企债                2016-12-30  100      123
0950188     #上证3-7年地债               2013-12-31  100      3611
0950190     #上证长三角信用债            2014-12-31  100      1027
0950191     #上证长三角综合债            2014-12-31  100      2478
0950192     #上证大湾区信用债            2014-12-31  100      350
0950193     #上证大湾区综合债            2014-12-31  100      1364
0950197     #上证证券公司债              2016-12-30  100      426
0950198     #上证证券公司债AAA           2016-12-30  100      297
0950199     #上证证券公司债高等级        2016-12-30  100      410
0950200     #上证证券公司债0-3AAA        2016-12-30  100      387
0950201     #上证证券公司债0-3高等级     2016-12-30  100      529
0950202     #沪政金债                    2014-12-31  100      9
0950203     #沪政金债0-3                 2014-12-31  100      6
0950204     #沪政金债0-5                 2014-12-31  100      7
0950205     #上证信用债隐含AA+以上       2016-12-30  100      1777
0950206     #上证信用债隐含AA以上        2016-12-30  100      3195
0950207     #上证信用债0-1隐含AA+以上    2016-12-30  100      422
0950208     #上证信用债1-3隐含AA+以上    2016-12-30  100      811
0950209     #上证信用债1-5隐含AA+以上    2016-12-30  100      1283
0950210     #上证信用债3-5隐含AA+以上    2016-12-30  100      472
0950211     #上证信用债0-1隐含AA以上     2016-12-30  100      759
0950212     #上证信用债1-3隐含AA以上     2016-12-30  100      1605
0950213     #上证信用债1-5隐含AA以上     2016-12-30  100      2569
0950214     #上证信用债3-5隐含AA以上     2016-12-30  100      964
0950229     #沪国债及政金债              2007-12-31  100      185
0950230     #沪0-1国债及政金债           2007-12-31  100      48
0950231     #沪0-3国债及政金债           2007-12-31  100      88
0950232     #沪1-3国债及政金债           2007-12-31  100      40
0950233     #沪0-5国债及政金债           2007-12-31  100      115
0950234     #沪3-5国债及政金债           2007-12-31  100      27
0950235     #上证长江信用债              2014-12-31  100      2576
0950236     #上证黄河信用债              2014-12-31  100      938
0950237     #上证京津冀信用债            2014-12-31  100      1217
0950240     #上证央企债                  2013-12-31  100      324
0950241     #上证0-3年央企债             2013-12-31  100      164
0950242     #上证0-5年央企债             2013-12-31  100      244
0950243     #沪做市国债                  2022-06-30  100      24
0950245     #沪做市公司债                2022-06-30  100      424
0950246     #上证国企债                  2013-12-31  100      6518
0950247     #上证0-3国企债               2013-12-31  100      3839
0950248     #上证0-5国企债               2013-12-31  100      5689
0950249     #上证AAA国企债               2016-12-30  100      2152
0950250     #上证短期AAA国企债           2016-12-30  100      437
0950251     #上证0-3AAA国企债            2016-12-30  100      1191
0950252     #上证0-5AAA国企债            2016-12-30  100      1658
0950257     #上证信用                    2007-12-31  100      6810
0950265     #沪地企债                    2013-12-31  100      4885
0950266     #沪0-3地企债                 2013-12-31  100      2823
0950267     #沪0-5地企债                 2013-12-31  100      4332
0950268     #沪AAA地企债                 2016-12-30  100      1063
0950269     #沪短期AAA地企债             2016-12-30  100      213
0950270     #沪0-3AAA地企债              2016-12-30  100      585
0950271     #沪0-5AAA地企债              2016-12-30  100      830
0950272     #沪能源信用债                2016-12-30  100      179
0950273     #沪原材料信用债              2016-12-30  100      272
0950275     #沪工业信用债                2016-12-30  100      1129
0950276     #沪可选消费信用债            2016-12-30  100      48
0950277     #沪主要消费信用债            2016-12-30  100      61
0950278     #沪医药卫生信用债            2016-12-30  100      57
0950279     #沪信息技术信用债            2016-12-30  100      65
0950280     #沪通信服务信用债            2016-12-30  100      15
0950281     #沪公用事业信用债            2016-12-30  100      474
0950282     #沪房地产信用债              2016-12-30  100      342
0950285     #沪高等级担保机构增信产业债  2017-12-29  100      12
0950286     #沪高等级增信产业债          2017-12-29  100      58
0950287     #沪0-3高等级增信产业债       2017-12-29  100      29
0950288     #沪0-5高等级增信产业债       2017-12-29  100      46
0950289     #沪AAA增信产业债             2017-12-29  100      53
0950290     #沪0-3AAA增信产业债          2017-12-29  100      
0950291     #沪0-5AAA增信产业债          2017-12-29  100      
0950292     #沪投资级公司信用债          2017-12-29  100      1848
0950293     #沪投资级公司AAA信用债       2017-12-29  100      1468
0950295     #沪短期投资级公司AAA信用债   2017-12-29  100      258
0950296     #沪0-3投资级公司AAA信用债    2017-12-29  100      799
0950297     #沪0-5投资级公司AAA信用债    2017-12-29  100      1200
0950298     #沪投资级公司产业债          2017-12-29  100      1151
0950299     #沪投资级公司AAA产业债       2017-12-29  100      1000
0950300     #沪短期投资级公司AAA产业债   2017-12-29  100      177
0950301     #沪0-3投资级公司AAA产业债    2017-12-29  100      555
0950302     #沪0-5投资级公司AAA产业债    2017-12-29  100      827
0950305     #沪7-20年国债                2007-12-31  100      46
0950306     #沪7-30年国债                2007-12-31  100      70
0950307     #沪7-50年国债                2007-12-31  100      98
0950308     #沪17-30年国债               2007-12-31  100      34
0950309     #沪17-50年国债               2007-12-31  100      62
0950310     #沪27-50年国债               2007-12-31  100      37
0950311     #上证地债                    2013-12-31  100      13363
0950312     #上证一般地债                2015-12-31  100      2695
0950313     #上证专项地债                2015-12-31  100      10668
0950315     #沪0-3高等级信用票息策略     2016-12-30  100      293
0950316     #沪0-3中高信用票息策略       2016-12-30  100      264
0950317     #沪0-5高等级信用票息策略     2016-12-30  100      504
0950318     #沪0-5中高信用票息策略       2016-12-30  100      444
0950319     #沪2027信用债                2018-12-28  100      423
0950320     #沪2028信用债                2018-12-28  100      458
0950321     #沪2029信用债                2018-12-28  100      237
0950322     #沪2030信用债                2018-12-28  100      253
0950323     #沪2031信用债                2018-12-28  100      60
0950325     #沪2032信用债                2022-12-30  100      49
0950326     #沪2027国债及政金债          2018-12-28  100      22
0950327     #沪2028国债及政金债          2018-12-28  100      17
0950328     #沪2029国债及政金债          2018-12-28  100      12
0950329     #沪2030国债及政金债          2018-12-28  100      13
0950330     #沪2031国债及政金债          2018-12-28  100      6
0950331     #沪2032国债及政金债          2018-12-28  100      10
0950335     #上证融资租赁ABS             2019-12-31  100      -
0950336     #上证应收账款ABS             2019-12-31  100      -
0950337     #上证消费金融ABS             2019-12-31  100      -
0950338     #上证小微贷款ABS             2019-12-31  100      -
0950339     #上证供应链金融ABS           2019-12-31  100      -
0950340     #上证180债券                 2017-12-29  100      786
0950341     #上证180AAA债券              2017-12-29  100      739
0950342     #上证180AAA0-3债券           2017-12-29  100      520
0950343     #上证180AAA0-5债券           2017-12-29  100      654
0950358     #上证工业转债及可交换债      2019-12-31  100      23
0950359     #上证原材料转债及可交换债    2021-12-31  100      14
0950360     #上证可选消费转债及可交换债  2019-12-31  100      16
0950365     #沪AAA转债及可交换债         2016-12-30  100      16
0950366     #沪中高等级转债及可交换债    2016-12-30  100      91
0950367     #沪高等级转债及可交换债      2016-12-30  100      33
0950368     #上证国企绿债                2016-12-30  100      255
0950369     #上证AAA国企绿债             2016-12-30  100      112
0950370     #上证高等级国企绿债          2016-12-30  100      184
0950375     #沪做市地方债                2024-06-28  100      25
0950376     #沪做市利率债                2022-06-30  100      50
0950377     #沪0-5做市利率债             2022-06-30  100      12
0950378     #沪5+做市利率债              2022-06-30  100      38
0950379     #沪0-3做市公司债             2022-06-30  100      220
0950380     #沪0-5做市公司债             2022-06-30  100      353
0950381     #沪5+做市公司债              2022-06-30  100      71
0950382     #沪做市科创债                2023-06-30  100      325
0950383     #沪0-5做市科创债             2023-06-30  100      273
#                                                             
#           #其他指数                                         
0950346     #上证红利股债RP              2017-06-30  1000     -
0950347     #上证红利股债10/90           2017-06-30  1000     -
0950348     #上证红利股债20/80           2017-06-30  1000     -
0950349     #上证红利股债30/70           2017-06-30  1000     -
0950350     #上证红利股债稳健配置10%     2017-06-30  1000     -
0950351     #上证红利股债稳健配置20%     2017-06-30  1000     -
0950352     #上证红利股债稳健配置30%     2017-06-30  1000     -
#                                                             
#           #定制指数                                         
0000091     #沪财中小                    2004-12-31  1000     200
0950048     #G60综指                     2016-05-24  1000     324
0950049     #G60成指                     2016-05-24  1000     50
0950090     #50AH优选                    2004-12-31  1000     50
0950092     #上证180优选                 2004-12-31  1000     180
0950102     #上证周期债                  2007-12-31  100      900
0950103     #智选科创半导体              2019-12-31  1000     30
0950196     #智选科创龙头策略            2019-12-31  1000     50
0950228     #智选科创价值50              2019-12-31  1000     50
0950260     #智选科创成长动量            2019-12-31  1000     50
