########  2026/01/15    市盈动    总市值
601398    #工商银行     7.61      2.737万亿
601288    #农业银行     8.71      2.565万亿
601939    #建设银行     6.88      2.362万亿
600941    #中国移动     13.66     2.102万亿
601857    #中国石油     10.84     1.825万亿
601988    #中国银行     7.39      1.750万亿
600519    #贵州茅台     20.18     1.739万亿
300750    #宁德时代     24.69     1.614万亿
600938    #中国海油     10.50     1.428万亿
601628    #中国人寿     6.17      1.380万亿
601318    #中国平安     6.89      1.221万亿
601138    #工业富联     40.26     1.207万亿
601899    #紫金矿业     20.15     1.017万亿
600036    #招商银行     6.67      1.012万亿
688981    #中芯国际     195.57    9956亿
002594    #比亚迪       28.04     8722亿
601088    #中国神华     15.86     8257亿
600028    #中国石化     18.00     7195亿
300308    #中际旭创     73.03     6945亿
600900    #长江电力     19.21     6562亿
601658    #邮储银行     6.09      6221亿
601328    #交通银行     6.56      6124亿
688256    #寒武纪-U     278.89    5967亿
000333    #美的集团     11.62     5868亿
688041    #海光信息     222.19    5811亿
601728    #中国电信     13.60     5582亿
603993    #洛阳钼业     27.02     5145亿
688235    #百济神州-U   311.56    4730亿
601601    #中国太保     7.09      4321亿
601166    #兴业银行     5.11      4300亿
601998    #中信银行     6.01      4246亿
601319    #中国人保     6.73      4201亿
600276    #恒瑞医药     54.68     4193亿
600030    #中信证券     13.95     4191亿
002475    #立讯精密     27.22     4180亿
000858    #五粮液       14.36     4118亿
300502    #新易盛       47.13     3976亿
002379    #宏创控股     -1692.96  3831亿
300059    #东方财富     31.35     3802亿
600000    #浦发银行     7.43      3717亿
002371    #北方华创     53.67     3671亿
601211    #国泰海通     12.20     3591亿
300274    #阳光电源     21.65     3430亿
603259    #药明康德     19.19     3090亿
688795    #摩尔线程-U   -309.75   2988亿
002415    #海康威视     23.08     2868亿
600150    #中国船舶     34.72     2709亿
002714    #牧原股份     13.39     2639亿
600930    #华电新能     25.58     2628亿
601336    #新华保险     5.94      2600亿
600309    #万华化学     20.37     2487亿
601816    #京沪高铁     18.02     2476亿
300760    #迈瑞医疗     24.51     2474亿
300476    #胜宏科技     56.95     2464亿
600690    #海尔智家     10.45     2421亿
688802    #沐曦股份-U   -518.79   2390亿
601600    #中国铝业     16.26     2357亿
688012    #中微公司     143.85    2323亿
002050    #三花智控     53.14     2297亿
688347    #华虹公司     679.44    2276亿
601919    #中远海控     6.25      2257亿
000651    #格力电器     7.85      2247亿
302132    #中航成飞     76.77     2220亿
603288    #海天味业     31.00     2200亿
000001    #平安银行     4.29      2195亿
300124    #汇川技术     38.58     2189亿
600547    #山东黄金     41.48     2188亿
601225    #陕西煤业     12.71     2154亿
600362    #江西铜业     26.73     2147亿
600809    #山西汾酒     13.98     2126亿
601127    #赛力斯       29.84     2113亿
601668    #中国建筑     4.15      2111亿
601688    #华泰证券     12.42     2109亿
300033    #同花顺       129.80    2088亿
600031    #三一重工     21.50     2046亿
300433    #蓝思科技     53.55     2030亿
601818    #光大银行     4.05      1997亿
002352    #顺丰控股     17.83     1975亿
601766    #中国中车     14.86     1974亿
601066    #中信建投     20.75     1961亿
003816    #中国广核     16.91     1934亿
600406    #国电南瑞     29.53     1912亿
000063    #中兴通讯     26.86     1906亿
002142    #宁波银行     6.36      1902亿
601633    #长城汽车     16.13     1857亿
601888    #中国中免     45.56     1854亿
600919    #江苏银行     4.51      1841亿
601985    #中国核电     17.10     1824亿
600111    #北方稀土     88.71     1823亿
000792    #盐湖股份     29.63     1779亿
603986    #兆易创新     123.00    1776亿
000776    #广发证券     12.10     1765亿
000338    #潍柴动力     14.87     1760亿
601898    #中煤能源     10.51     1750亿
600760    #中航沈飞     95.55     1735亿
600887    #伊利股份     12.39     1722亿
601881    #中国银河     11.72     1715亿
600104    #上汽集团     15.83     1709亿
600025    #华能水电     16.98     1707亿
000568    #泸州老窖     11.83     1698亿
601995    #中金公司     19.37     1696亿
000725    #京东方Ａ     27.35     1678亿
600346    #恒力石化     24.96     1672亿
688111    #金山办公     106.22    1669亿
600183    #生益科技     50.96     1660亿
600016    #民生银行     4.36      1659亿
601698    #中国卫通     435.54    1659亿
600050    #中国联通     14.01     1638亿
603501    #豪威集团     37.69     1613亿
300999    #金龙鱼       43.96     1611亿
600660    #福耀玻璃     16.99     1601亿
688008    #澜起科技     71.22     1550亿
600019    #宝钢股份     14.57     1547亿
600989    #宝丰能源     12.95     1545亿
601100    #恒立液压     54.28     1510亿
002460    #赣锋锂业     4436.58   1510亿
300394    #天孚通信     77.06     1506亿
603799    #华友钴业     26.72     1502亿
601111    #中国国航     59.77     1490亿
002916    #深南电路     47.84     1483亿
600999    #招商证券     12.51     1480亿
002230    #科大讯飞     -1648.45  1465亿
002602    #世纪华通     25.16     1462亿
002463    #沪电股份     40.23     1458亿
002384    #东山精密     89.14     1454亿
001280    #中国铀业     90.64     1450亿
600089    #特变电工     19.69     1440亿
000408    #藏格矿业     38.79     1423亿
601727    #上海电气     99.55     1414亿
605499    #东鹏饮料     28.19     1414亿
300014    #亿纬锂能     37.51     1408亿
601229    #上海银行     5.83      1404亿
601012    #隆基绿能     -30.89    1402亿
600188    #兖矿能源     14.71     1396亿
600029    #南方航空     44.42     1366亿
603019    #中科曙光     105.76    1362亿
601800    #中国交建     7.45      1356亿
601390    #中国中铁     5.77      1345亿
002736    #国信证券     10.92     1330亿
300442    #润泽科技     21.12     1324亿
002028    #思源电气     41.74     1320亿
000166    #申万宏源     12.30     1315亿
688506    #百利天恒     -199.13   1313亿
601009    #南京银行     5.46      1312亿
000425    #徐工机械     16.40     1307亿
301308    #江波龙       137.41    1306亿
001289    #龙源电力     22.22     1302亿
600115    #中国东航     45.92     1288亿
002938    #鹏鼎控股     39.57     1270亿
600489    #中金黄金     25.89     1270亿
002202    #金风科技     36.83     1269亿
600118    #中国卫星     6396.69   1263亿
601689    #拓普集团     47.98     1258亿
000958    #电投产融     148.57    1221亿
600018    #上港集团     9.10      1220亿
000617    #中油资本     22.80     1215亿
600585    #海螺水泥     14.21     1194亿
002493    #荣盛石化     99.93     1184亿
002600    #领益智造     45.56     1179亿
600905    #三峡能源     20.48     1178亿
000625    #长安汽车     28.52     1162亿
600011    #华能国际     5.87      1162亿
688271    #联影医疗     77.03     1151亿
600010    #包钢股份     370.95    1150亿
000807    #云铝股份     19.61     1150亿
600926    #杭州银行     5.37      1137亿
601169    #北京银行     4.01      1127亿
002625    #光启技术     138.88    1122亿
300498    #温氏股份     15.89     1114亿
600893    #航发动力     764.22    1100亿
002241    #歌尔股份     31.70     1093亿
002027    #分众传媒     19.34     1093亿
300015    #爱尔眼科     26.20     1088亿
600886    #国投电力     12.13     1054亿
688072    #拓荆科技     141.56    1050亿
601186    #中国铁建     5.27      1042亿
600015    #华夏银行     4.34      1041亿
600418    #江淮汽车     -54.39    1040亿
688783    #西安奕材-U   -139.36   1037亿
000100    #TCL科技      25.35     1030亿
600436    #片仔癀       36.01     1023亿
601006    #大秦铁路     12.21     1013亿
002837    #英维克       189.64    1009亿
000538    #云南白药     15.80     1007亿
002466    #天齐锂业     419.57    1006亿
600160    #巨化股份     23.19     1004亿
000977    #浪潮信息     50.63     1000亿
688775    #影石创新     94.36     996.1亿
601868    #中国能建     23.58     992.2亿
688082    #盛美上海     58.25     983.2亿
603296    #华勤技术     23.54     972.4亿
601360    #三六零       -592.65   965.9亿
600415    #小商品城     20.94     965.1亿
688521    #芯原股份     -206.41   954.2亿
300408    #三环集团     36.38     950.0亿
002304    #洋河股份     17.89     948.3亿
300450    #先导智能     59.75     945.2亿
601669    #中国电建     9.27      923.3亿
601872    #招商轮船     20.90     919.7亿
600958    #东方证券     13.29     905.7亿
600673    #东阳光       74.66     901.4亿
600438    #通威股份     -12.83    901.3亿
601869    #长飞光纤     143.27    897.2亿
002709    #天赐材料     159.97    897.1亿
002311    #海大集团     16.15     892.3亿
002558    #巨人网络     47.16     891.0亿
000895    #双汇发展     16.87     890.4亿
600039    #四川路桥     12.58     888.7亿
000426    #兴业银锡     48.67     885.2亿
600879    #航天电子     316.85    883.6亿
300604    #长川科技     75.49     871.0亿
600795    #国电电力     9.59      866.8亿
600875    #东方电气     21.87     864.9亿
002532    #天山铝业     19.34     861.4亿
601238    #广汽集团     -14.83    852.5亿
603268    #*ST松发      50.11     849.4亿
601825    #沪农商行     6.00      845.8亿
600600    #青岛啤酒     12.00     843.8亿
001979    #招商蛇口     25.27     841.2亿
000657    #中钨高新     74.21     836.9亿
000988    #华工科技     47.46     836.2亿
002353    #杰瑞股份     34.36     828.3亿
600549    #厦门钨业     34.70     824.3亿
601916    #浙商银行     5.30      823.9亿
300803    #指南针       532.22    823.0亿
000630    #铜陵有色     34.82     822.0亿
688375    #国博电子     244.91    806.9亿
603893    #瑞芯微       77.63     806.9亿
688183    #生益电子     54.07     803.5亿
002920    #德赛西威     33.69     802.9亿
601788    #光大证券     22.44     801.4亿
000768    #中航西飞     60.53     801.0亿
688396    #华润微       114.30    800.9亿
688729    #屹唐股份     115.38    793.3亿
300475    #香农芯创     165.46    792.8亿
000975    #山金国际     24.17     792.8亿
000708    #中信特钢     13.72     791.9亿
600009    #上海机场     36.33     791.5亿
002001    #新和成       11.13     789.3亿
600584    #长电科技     61.90     787.2亿
300418    #昆仑万维     -88.18    782.2亿
600026    #中远海能     21.51     781.0亿
002179    #中航光电     33.64     778.9亿
605117    #德业股份     24.72     773.5亿
688036    #传音控股     26.89     770.1亿
000938    #紫光股份     41.09     769.1亿
601061    #中信金属     24.70     765.9亿
600048    #保利发展     29.75     764.9亿
603195    #公牛集团     18.96     753.0亿
000157    #中联重科     14.34     749.8亿
688126    #沪硅产业     -89.05    749.6亿
002074    #国轩高科     22.00     743.1亿
600196    #复星医药     22.08     742.9亿
300136    #信维通信     114.49    742.6亿
601808    #中海油服     17.35     742.5亿
002049    #紫光国微     43.74     736.5亿
600176    #中国巨石     21.43     733.8亿
601077    #渝农商行     5.15      733.7亿
688525    #佰维存储     1808.65   733.4亿
601168    #西部矿业     18.65     732.5亿
600426    #华鲁恒升     22.97     727.2亿
001391    #国货航       29.68     726.4亿
600221    #海航控股     19.14     726.0亿
688249    #晶合集成     98.72     724.1亿
600580    #卧龙电驱     65.68     716.9亿
688187    #时代电气     19.75     716.3亿
600703    #三安光电     606.02    715.9亿
000596    #古井贡酒     13.54     715.2亿
600372    #中航机载     54.13     714.2亿
002414    #高德红外     91.86     712.8亿
603228    #景旺电子     56.18     710.1亿
601018    #宁波港       13.75     710.1亿
000933    #神火股份     15.22     708.2亿
600845    #宝信软件     48.37     707.9亿
000301    #东方盛虹     418.13    704.8亿
002131    #利欧股份     89.69     704.3亿
601231    #环旭电子     41.37     696.8亿
600895    #张江高科     84.72     696.4亿
600066    #宇通客车     15.82     694.3亿
301638    #南网数字     327.55    690.6亿
688361    #中科飞测     -3519.50  689.8亿
601179    #中国西电     55.01     688.4亿
002128    #电投能源     12.47     684.8亿
688385    #复旦微电     155.37    684.2亿
000963    #华东医药     18.62     682.1亿
600219    #南山铝业     13.54     681.0亿
301165    #锐捷网络     74.94     679.9亿
601991    #大唐发电     7.59      679.2亿
601838    #成都银行     5.35      677.7亿
300857    #协创数据     72.83     677.7亿
600674    #川投能源     11.99     674.6亿
002195    #岩山科技     276.52    673.1亿
002236    #大华股份     14.22     670.5亿
000960    #锡业股份     28.71     668.2亿
300454    #深信服       -620.89   666.9亿
600023    #浙能电力     7.99      663.7亿
002595    #豪迈科技     27.83     663.7亿
300058    #蓝色光标     253.33    661.0亿
688498    #源杰科技     467.50    660.1亿
301656    #联合动力     62.33     658.2亿
301377    #鼎泰高科     174.71    657.6亿
601901    #方正证券     12.92     654.5亿
001965    #招商公路     12.22     653.7亿
002080    #中材科技     33.00     651.1亿
601607    #上海医药     9.48      650.4亿
600570    #恒生电子     106.87    648.6亿
002555    #三七互娱     20.70     647.1亿
002156    #通富微电     56.35     646.5亿
600096    #云天化       10.20     643.0亿
688120    #华海清科     60.85     642.1亿
601877    #正泰电器     11.49     640.2亿
002648    #卫星化学     12.77     639.4亿
603260    #合盛硅业     -148.38   635.9亿
688027    #国盾量子     -1801.16  635.7亿
600236    #桂冠电力     19.69     635.3亿
002281    #光迅科技     66.06     633.2亿
601618    #中国中冶     11.94     632.1亿
301269    #华大九天     5227.11   631.5亿
600741    #华域汽车     10.10     631.2亿
688568    #中科星图     321.34    627.6亿
600988    #赤峰黄金     22.81     626.0亿
688472    #阿特斯       46.89     618.2亿
300751    #迈为股份     69.76     616.9亿
600522    #中天科技     19.75     615.7亿
600487    #亨通光电     19.40     614.5亿
600803    #新奥股份     13.45     614.5亿
002738    #中矿资源     224.93    612.5亿
688047    #龙芯中科     -116.42   611.3亿
601958    #金钼股份     19.94     607.9亿
688387    #信科移动-U   -275.97   607.2亿
688223    #晶科能源     -11.52    602.3亿
603659    #璞泰来       26.56     602.0亿
688122    #西部超导     69.47     601.8亿
002653    #海思科       152.80    601.6亿
300979    #华利集团     18.49     600.4亿
601377    #兴业证券     17.86     600.2亿
600588    #用友网络     -32.08    598.0亿
000559    #万向钱潮     57.85     596.4亿
301200    #大族数控     90.92     596.1亿
688585    #上纬新材     737.97    595.8亿
002064    #华峰化学     30.56     595.5亿
002465    #海格通信     -254.59   594.6亿
600021    #上海电力     14.55     591.6亿
688331    #荣昌生物     -80.53    591.3亿
002294    #信立泰       76.09     589.2亿
301611    #珂玛科技     180.47    588.4亿
002517    #恺英网络     27.84     587.7亿
600498    #烽火通信     85.57     585.0亿
600233    #圆通速递     15.21     583.5亿
600377    #宁沪高速     11.40     583.4亿
300759    #康龙化成     38.32     582.9亿
603392    #万泰生物     -251.48   581.5亿
600292    #电投水电     778.11    581.3亿
300919    #中伟新材     39.12     580.4亿
688469    #芯联集成-U   -93.82    579.2亿
000002    #万科Ａ       -1.55     578.6亿
600027    #华电国际     6.72      577.1亿
001309    #德明利       -1596.13  576.2亿
601059    #信达证券     31.89     575.6亿
688009    #中国通号     18.74     570.8亿
600482    #中国动力     35.21     567.0亿
300223    #北京君正     166.16    566.6亿
000831    #中国稀土     220.32    564.6亿
300765    #新诺威       -1759.18  564.1亿
300115    #长盈精密     90.30     563.4亿
300866    #安克创新     21.84     562.9亿
601021    #春秋航空     17.91     557.7亿
601456    #国联民生     23.49     552.2亿
688303    #大全能源     -37.93    542.7亿
300347    #泰格医药     39.72     540.4亿
601298    #青岛港       9.69      540.1亿
002851    #麦格米特     190.19    539.2亿
600711    #盛屯矿业     23.69     537.5亿
600601    #方正科技     127.16    536.8亿
002812    #恩捷股份     -461.42   531.1亿
601212    #白银有色     -185.06   530.2亿
688777    #中控技术     91.84     528.5亿
688110    #东芯股份     -271.14   528.5亿
000066    #中国长城     2462.01   527.4亿
688702    #盛科通信-U   4220.68   527.3亿
300255    #常山药业     -881.59   526.8亿
601611    #中国核建     35.69     526.5亿
002422    #科伦药业     32.64     522.6亿
600918    #中泰证券     30.11     521.8亿
600515    #海南机场     607.21    521.0亿
300251    #光线传媒     16.70     520.1亿
000039    #中集集团     24.88     519.3亿
600143    #金发科技     36.55     518.8亿
601136    #首创证券     48.31     517.7亿
300413    #芒果超媒     38.08     515.8亿
601777    #千里科技     723.61    514.0亿
000981    #山子高科     87.55     509.9亿
300395    #菲利华       114.38    508.9亿
601058    #赛轮轮胎     13.24     507.0亿
300316    #晶盛机电     42.05     505.2亿
300748    #金力永磁     73.48     505.0亿
301236    #软通动力     382.34    504.1亿
688809    #强一股份     151.29    503.9亿
688629    #华丰科技     169.36    503.7亿
601878    #浙商证券     19.93     502.7亿
600637    #东方明珠     69.36     500.9亿
603516    #淳中科技     -1282.66  500.0亿
002945    #华林证券     84.72     497.1亿
600801    #华新建材     18.60     496.9亿
600839    #四川长虹     36.76     493.9亿
600061    #国投资本     12.94     492.3亿
600460    #士兰微       105.30    490.1亿
000987    #越秀资本     12.16     488.2亿
000893    #亚钾国际     26.78     486.7亿
300757    #罗博特科     -487.97   486.3亿
600745    #闻泰科技     23.94     483.2亿
603979    #金诚信       20.60     481.5亿
688002    #睿创微纳     51.03     480.9亿
001872    #招商港口     9.47      480.5亿
000547    #航天发展     -73.67    480.2亿
601117    #中国化学     8.51      480.0亿
000783    #长江证券     10.61     477.2亿
688019    #安集科技     58.65     475.7亿
000999    #华润三九     15.16     475.6亿
603486    #科沃斯       25.14     475.3亿
603049    #中策橡胶     10.14     475.2亿
688172    #燕东微       -2654.33  474.3亿
002601    #龙佰集团     21.19     473.0亿
600885    #宏发股份     24.10     472.3亿
688778    #厦钨新能     64.00     471.2亿
600536    #中国软件     -337.11   467.6亿
600733    #北汽蓝谷     -10.24    467.6亿
300122    #智飞生物     -28.90    464.9亿
300628    #亿联网络     17.80     464.6亿
688615    #合合信息     99.05     463.7亿
600350    #山东高速     13.28     463.6亿
600699    #均胜电子     30.99     462.9亿
603179    #新泉股份     55.74     462.7亿
688188    #柏楚电子     38.26     461.3亿
688411    #海博思创     55.56     461.2亿
301358    #湖南裕能     53.58     460.9亿
300207    #欣旺达       24.59     460.8亿
601216    #君正集团     12.35     460.7亿
002008    #大族激光     40.00     460.4亿
300339    #润和软件     439.32    460.2亿
000878    #云南铜业     22.22     459.6亿
603568    #伟明环保     16.11     458.7亿
002340    #格林美       30.94     457.3亿
300832    #新产业       28.45     457.1亿
300456    #赛微电子     21.72     456.4亿
600497    #驰宏锌锗     25.79     455.1亿
601233    #桐昆股份     21.90     452.1亿
002444    #巨星科技     15.71     451.5亿
600871    #石化油服     50.57     451.2亿
601555    #东吴证券     11.52     450.7亿
300896    #爱美客       30.89     450.3亿
600378    #昊华科技     27.42     450.2亿
600685    #中船防务     51.43     449.2亿
688234    #天岳先进     30072.81  449.0亿
688578    #艾力斯       20.84     449.0亿
600141    #兴发集团     25.39     446.3亿
601615    #明阳智能     43.59     445.1亿
002261    #拓维信息     318.20    444.8亿
603083    #剑桥科技     128.36    443.8亿
300390    #天华新能     1012.35   443.6亿
601198    #东兴证券     20.77     442.8亿
688599    #天合光能     -7.90     442.5亿
300054    #鼎龙股份     63.85     442.2亿
601933    #永辉超市     -46.70    442.0亿
000021    #深科技       43.83     441.6亿
688676    #金盘科技     68.17     441.4亿
300661    #圣邦股份     96.41     441.2亿
002409    #雅克科技     41.55     441.1亿
000564    #供销大集     456.72    440.6亿
002153    #石基信息     1561.31   440.5亿
001203    #大中矿业     55.53     439.7亿
603369    #今世缘       12.82     435.9亿
000786    #北新建材     12.63     435.4亿
300346    #南大光电     108.14    433.7亿
002850    #科达利       27.45     433.6亿
603087    #甘李药业     39.72     433.3亿
601717    #中创智领     8.91      432.8亿
600995    #南网储能     22.63     432.4亿
600085    #同仁堂       27.46     431.2亿
601162    #天风证券     211.18    431.2亿
002078    #太阳纸业     12.90     430.1亿
300782    #卓胜微       -188.00   428.0亿
002223    #鱼跃医疗     21.89     427.9亿
002252    #上海莱士     21.63     424.2亿
301550    #斯菱智驱     227.16    423.5亿
601598    #中国外运     11.85     423.3亿
688608    #恒玄科技     63.06     421.7亿
688037    #芯源微       -3146.40  421.6亿
601399    #国机重装     71.91     418.4亿
688728    #格科微       623.74    417.4亿
600392    #盛和资源     39.69     416.8亿
603606    #东方电缆     34.15     416.1亿
300037    #新宙邦       41.72     416.1亿
688065    #凯赛生物     69.16     415.6亿
603699    #纽威股份     27.69     411.2亿
601108    #财通证券     15.11     410.5亿
600663    #陆家嘴       28.99     410.4亿
600332    #白云山       9.27      409.2亿
000661    #长春高新     26.29     408.3亿
601106    #中国一重     -388.70   407.4亿
002939    #长城证券     15.81     407.1亿
603920    #世运电路     48.73     406.2亿
300724    #捷佳伟创     11.33     406.0亿
603129    #春风动力     21.51     405.9亿
688169    #石头科技     29.25     404.7亿
603156    #养元饮品     27.11     404.5亿
000876    #新希望       39.90     404.3亿
603119    #浙江荣泰     149.14    404.2亿
002683    #广东宏大     46.38     404.1亿
600968    #海油发展     10.58     402.5亿
000959    #首钢股份     31.60     401.7亿
600562    #国睿科技     80.51     399.9亿
600105    #永鼎股份     90.93     399.0亿
600295    #鄂尔多斯     17.50     398.3亿
688220    #翱捷科技-U   -90.93    397.0亿
601696    #中银证券     34.81     396.4亿
688313    #仕佳光子     98.89     395.2亿
002429    #兆驰股份     29.53     393.8亿
601236    #红塔证券     34.01     392.0亿
300474    #景嘉微       -405.29   392.0亿
688099    #晶晨股份     42.05     391.3亿
600642    #申能股份     8.84      390.5亿
600298    #安琪酵母     26.18     389.7亿
688270    #臻镭科技     280.98    388.7亿
002185    #华天科技     53.69     388.5亿
688428    #诺诚健华-U   -452.22   388.4亿
300548    #长芯博创     116.49    388.2亿
000983    #山西焦煤     20.28     387.7亿
300496    #中科创达     126.95    387.7亿
689009    #九号公司-WD  16.25     387.1亿
002436    #兴森科技     220.55    386.7亿
000932    #华菱钢铁     11.54     386.2亿
000877    #天山股份     -24.53    386.1亿
002407    #多氟多       370.83    385.9亿
688180    #君实生物-U   -48.43    384.7亿
000703    #恒逸石化     124.76    384.4亿
002821    #凯莱英       35.99     384.0亿
301171    #易点天下     141.37    383.7亿
603160    #汇顶科技     42.35     382.0亿
002459    #晶澳科技     -8.06     381.9亿
601880    #辽港股份     22.03     381.9亿
688318    #财富趋势     155.20    381.2亿
688213    #思特威-W     40.84     380.9亿
600595    #中孚实业     24.00     379.9亿
002472    #双环传动     31.65     379.1亿
920185    #贝特瑞       36.98     378.6亿
601865    #福莱特       44.51     378.4亿
300373    #扬杰科技     29.04     377.0亿
300458    #全志科技     101.52    376.9亿
002130    #沃尔核材     34.24     375.2亿
601699    #潞安环能     18.10     375.1亿
601577    #长沙银行     4.27      373.2亿
002456    #欧菲光       -410.03   372.0亿
600578    #京能电力     8.76      370.2亿
603806    #福斯特       40.35     369.9亿
603650    #彤程新材     56.08     369.4亿
000728    #国元证券     13.74     369.2亿
300620    #光库科技     240.06    369.1亿
688017    #绿的谐波     294.86    368.3亿
002085    #万丰奥威     37.77     367.1亿
002273    #水晶光电     27.92     366.0亿
688538    #和辉光电-U   -20.04    366.0亿
300972    #万辰集团     32.09     365.8亿
002402    #和而泰       45.42     365.1亿
001286    #陕西能源     11.32     364.9亿
600517    #国网英大     12.25     364.8亿
600352    #浙江龙盛     19.58     364.7亿
688322    #奥比中光-UW  253.07    364.5亿
600331    #宏达股份     -584.22   363.7亿
300487    #蓝晓科技     41.82     363.4亿
300003    #乐普医疗     27.75     363.3亿
002966    #苏州银行     6.07      362.1亿
688617    #惠泰医疗     43.43     360.9亿
601963    #重庆银行     5.53      360.0亿
601799    #星宇股份     23.66     360.0亿
688692    #达梦数据     81.71     359.2亿
002155    #湖南黄金     26.17     358.9亿
002673    #西部证券     21.62     358.5亿
002624    #完美世界     40.18     356.6亿
600737    #中粮糖业     32.81     356.5亿
601606    #长城军工     -1502.30  355.9亿
002032    #苏泊尔       19.52     355.6亿
600157    #永泰能源     134.79    355.6亿
600329    #达仁堂       12.34     354.2亿
688336    #三生国健     66.58     354.1亿
002203    #海亮股份     28.72     354.1亿
600901    #江苏金租     10.85     353.9亿
601990    #南京证券     29.05     353.7亿
002129    #TCL中环      -4.57     351.8亿
001389    #广合科技     36.37     351.0亿
603171    #税友股份     238.15    350.7亿
603298    #杭叉集团     15.00     350.6亿
603379    #三美股份     16.51     350.2亿
600109    #国金证券     15.36     348.3亿
601567    #三星医疗     17.07     347.8亿
300432    #富临精工     80.24     347.8亿
600208    #衢州发展     48.12     347.2亿
000158    #常山北明     -167.47   346.9亿
688147    #微导纳米     104.69    346.9亿
003031    #中瓷电子     58.50     345.8亿
002487    #大金重工     29.17     345.1亿
002152    #广电运通     42.96     344.9亿
600862    #中航高科     32.06     344.6亿
002271    #东方雨虹     31.64     341.6亿
688297    #中无人机     756.99    341.6亿
603596    #伯特利       28.73     341.5亿
300666    #江丰电子     63.86     341.3亿
002126    #银轮股份     38.10     341.2亿
603000    #人民网       759.95    340.9亿
603444    #吉比特       21.03     340.5亿
603833    #欧派家居     13.92     340.0亿
600177    #雅戈尔       10.85     339.8亿
600967    #内蒙一机     65.80     338.8亿
300073    #当升科技     50.50     338.6亿
601665    #齐鲁银行     6.40      338.5亿
600863    #内蒙华电     11.48     337.9亿
600161    #天坛生物     30.94     337.7亿
000921    #海信家电     9.00      337.5亿
002065    #东华软件     72.09     336.9亿
688819    #天能股份     18.58     336.8亿
688102    #斯瑞新材     234.24    336.7亿
000800    #一汽解放     67.74     336.1亿
600956    #新天绿能     16.11     334.8亿
603256    #宏和科技     180.67    334.4亿
002056    #横店东磁     17.26     334.3亿
601155    #新城控股     25.74     334.3亿
688433    #华曙高科     1721.48   334.2亿
601866    #中远海发     18.01     333.9亿
301275    #汉朔科技     79.59     333.7亿
002044    #美年健康     481.74    333.1亿
000830    #鲁西化工     24.41     333.1亿
300567    #精测电子     249.45    332.9亿
000729    #燕京啤酒     14.05     331.7亿
000027    #深圳能源     12.66     331.6亿
600909    #华安证券     13.19     331.2亿
688349    #三一重能     203.25    330.1亿
600095    #湘财股份     55.87     329.1亿
603308    #应流股份     83.94     328.9亿
600100    #同方股份     74.67     328.0亿
600282    #南钢股份     11.28     327.4亿
000629    #钒钛股份     -165.01   327.0亿
300699    #光威复材     59.09     326.9亿
002335    #科华数据     70.84     325.4亿
002222    #福晶科技     111.86    325.1亿
000883    #湖北能源     17.14     324.9亿
603786    #科博达       37.70     324.9亿
603885    #吉祥航空     22.19     322.4亿
600256    #广汇能源     23.88     322.2亿
002670    #国盛证券     99.59     321.4亿
002240    #盛新锂能     -32.01    321.1亿
603127    #昭衍新药     298.18    320.9亿
600301    #华锡有色     48.57     320.1亿
000513    #丽珠集团     13.68     320.0亿
002244    #滨江集团     10.01     319.5亿
600577    #精达股份     53.13     319.4亿
603225    #新凤鸣       27.56     319.2亿
601608    #中信重工     84.01     319.2亿
600363    #联创光电     59.73     318.9亿
300285    #国瓷材料     48.84     318.8亿
603737    #三棵树       32.09     318.1亿
605090    #九丰能源     19.19     317.5亿
603929    #亚翔集成     53.74     317.1亿
000423    #东阿阿胶     18.66     317.0亿
600925    #苏能股份     126.17    316.2亿
300085    #银之杰       -398.90   315.9亿
600808    #马钢股份     283.15    315.7亿
688333    #铂力特       151.65    314.9亿
688709    #成都华微     376.51    314.3亿
300170    #汉得信息     161.79    313.3亿
300627    #华测导航     47.66     313.0亿
002430    #杭氧股份     31.00     313.0亿
600126    #杭钢股份     233.14    312.7亿
603198    #迎驾贡酒     15.52     312.6亿
603175    #超颖电子     110.68    312.3亿
688278    #特宝生物     35.01     311.0亿
600765    #中航重机     37.77     310.1亿
688200    #华峰测控     60.07     309.9亿
300762    #上海瀚讯     -482.15   309.6亿
600835    #上海机电     32.91     309.3亿
300253    #卫宁健康     -95.96    308.8亿
002773    #康弘药业     22.42     308.7亿
002518    #科士达       51.90     308.5亿
000997    #新大陆       25.20     308.5亿
688796    #百奥赛图     202.35    307.9亿
600884    #杉杉股份     81.20     307.0亿
600060    #海信视像     14.12     306.7亿
603766    #隆鑫通用     14.58     306.6亿
600977    #中国电影     346.28    306.4亿
000825    #太钢不锈     40.39     305.9亿
002180    #纳思达       -64.34    305.6亿
600038    #中直股份     61.37     305.0亿
600848    #上海临港     20.74     305.0亿
000733    #振华科技     36.70     304.9亿
600688    #上海石化     -52.95    304.7亿
000060    #中金岭南     27.17     304.7亿
688018    #乐鑫科技     60.62     304.5亿
000737    #北方铜业     33.06     303.8亿
002138    #顺络电子     29.62     303.7亿
000688    #国城矿业     50.53     303.5亿
600079    #ST人福       13.43     302.3亿
688343    #云天励飞-U   -76.09    302.2亿
000034    #神州数码     33.78     301.8亿
300763    #锦浪科技     26.15     301.8亿
600985    #淮北矿业     21.14     301.6亿
688192    #迪哲医药-U   -39.01    301.6亿
300102    #乾照光电     257.19    301.6亿
600348    #华阳股份     20.02     300.1亿
688114    #华大智造     -188.19   299.9亿
600704    #物产中大     7.36      299.4亿
688248    #南网科技     78.29     299.3亿
000887    #中鼎股份     17.14     298.7亿
600316    #洪都航空     1886.04   298.6亿
601156    #东航物流     11.19     298.5亿
600369    #西南证券     31.71     298.4亿
603728    #鸣志电器     448.76    298.2亿
002716    #湖南白银     140.75    297.6亿
002792    #通宇通讯     880.90    296.9亿
002797    #第一创业     28.87     296.7亿
002603    #以岭药业     22.19     296.0亿
003021    #兆威机电     122.52    296.0亿
002157    #正邦科技     2685.86   296.0亿
600398    #海澜之家     11.89     295.4亿
600776    #东方通信     60.74     295.0亿
300001    #特锐德       32.19     294.3亿
601126    #四方股份     31.35     294.3亿
600873    #梅花生物     7.29      293.9亿
603236    #移远通信     30.01     293.5亿
300017    #网宿科技     35.69     293.2亿
601099    #太平洋       89.50     293.1亿
000400    #许继电气     24.38     293.1亿
688765    #禾元生物-U   -181.21   293.0亿
002841    #视源股份     25.31     292.7亿
301526    #国际复材     80.41     292.6亿
601208    #东材科技     77.48     292.3亿
301297    #富乐德       103.91    292.1亿
300638    #广和通       69.24     291.9亿
688295    #中复神鹰     347.07    291.2亿
300672    #国科微       2938.20   290.1亿
603338    #浙江鼎力     13.63     289.8亿
000969    #安泰科技     77.11     289.5亿
000683    #博源化工     20.42     289.2亿
002318    #久立特材     17.15     288.5亿
600816    #建元信托     419.52    288.4亿
002756    #永兴材料     40.69     288.4亿
688727    #恒坤新材     291.82    287.6亿
000738    #航发控制     53.78     287.5亿
601519    #大智慧       -729.22   287.4亿
600732    #爱旭股份     -40.46    287.1亿
002608    #江苏国信     6.64      285.6亿
600151    #航天机电     -86.79    285.6亿
301217    #铜冠铜箔     340.80    285.0亿
002545    #东方铁塔     25.77     284.5亿
600754    #锦江酒店     28.57     284.2亿
002151    #北斗星通     1176.80   284.1亿
300024    #机器人       -133.53   284.0亿
688582    #芯动联科     89.07     283.5亿
600499    #科达制造     18.50     283.5亿
603345    #安井食品     22.37     283.1亿
002007    #华兰生物     27.05     282.9亿
600486    #扬农化工     20.10     282.8亿
603067    #振华股份     51.68     282.2亿
600343    #航天动力     -193.17   281.4亿
688425    #铁建重工     20.92     280.0亿
600602    #云赛智联     144.60    280.0亿
688561    #奇安信-U     -33.99    279.6亿
600777    #*ST新潮      15.75     279.5亿
600970    #中材国际     10.11     279.5亿
002265    #建设工业     700.20    279.4亿
688052    #纳芯微       -149.09   279.3亿
605358    #立昂微       -193.74   278.9亿
600299    #安迪苏       21.06     278.1亿
300677    #英科医疗     22.54     277.9亿
001386    #马可波罗     19.60     277.7亿
300236    #上海新阳     98.52     277.3亿
000603    #盛达资源     64.46     277.3亿
601069    #西部黄金     70.09     276.8亿
300383    #光环新网     144.48    276.6亿
603605    #珀莱雅       20.17     275.9亿
300953    #震裕科技     50.04     274.9亿
603881    #数据港       171.63    274.3亿
002423    #中粮资本     20.06     274.2亿
002497    #雅化集团     61.55     274.1亿
000750    #国海证券     29.13     274.0亿
301536    #星宸科技     101.45    273.5亿
600598    #北大荒       15.09     273.1亿
600583    #海油工程     12.75     272.8亿
603939    #益丰药房     16.71     272.8亿
600435    #北方导航     164.15    272.5亿
301498    #乖宝宠物     39.84     272.5亿
600998    #九州通       10.34     272.3亿
688563    #航材股份     50.91     271.6亿
600153    #建发股份     17.68     270.8亿
003022    #联泓新科     87.28     270.5亿
603667    #五洲新春     205.59    270.0亿
600312    #平高电气     20.59     269.6亿
920982    #锦波生物     35.55     269.4亿
000592    #平潭发展     646.24    269.1亿
600320    #振华重工     38.47     268.7亿
600518    #康美药业     1538.03   268.3亿
600410    #华胜天成     56.04     267.8亿
688005    #容百科技     -98.32    266.9亿
688523    #航天环宇     388.02    266.3亿
001696    #宗申动力     26.32     265.9亿
603092    #德力佳       31.63     265.6亿
300438    #鹏辉能源     173.88    265.6亿
688766    #普冉股份     337.12    265.4亿
002249    #大洋电机     23.53     265.0亿
600390    #五矿资本     26.34     264.9亿
000062    #深圳华强     54.90     264.3亿
603529    #爱玛科技     10.35     263.3亿
000519    #中兵红箭     -334.88   262.6亿
688548    #广钢气体     98.17     262.6亿
300364    #中文在线     -37.74    261.9亿
601228    #广州港       26.26     261.8亿
300409    #道氏技术     47.20     261.4亿
000009    #中国宝安     68.98     260.5亿
600113    #浙江东日     170.00    260.4亿
600170    #上海建工     16.12     260.4亿
601928    #凤凰传媒     11.48     260.3亿
603358    #华达科技     49.52     259.7亿
300870    #欧陆通       87.79     259.4亿
002410    #广联达       62.52     259.4亿
688708    #佳驰科技     78.19     259.2亿
301005    #超捷股份     683.30    259.0亿
300002    #神州泰岳     26.76     258.5亿
000766    #通化金马     775.59    258.2亿
301606    #绿联科技     41.45     258.0亿
603899    #晨光股份     20.37     257.5亿
600483    #福能股份     9.69      256.9亿
002046    #国机精工     93.46     256.9亿
603816    #顾家家居     12.52     256.8亿
600521    #华海药业     50.63     256.8亿
002831    #裕同科技     16.28     256.3亿
688475    #萤石网络     45.45     255.9亿
301205    #联特科技     234.36    255.6亿
688208    #道通科技     26.13     255.5亿
601118    #海南橡胶     -69.63    255.5亿
002025    #航天电器     131.11    255.3亿
600550    #保变电气     131.17    255.2亿
002484    #江海股份     35.77     255.1亿
301301    #川宁生物     31.16     254.0亿
001270    #*ST铖昌      210.16    253.2亿
605589    #圣泉集团     24.94     252.6亿
000050    #深天马Ａ     60.46     252.4亿
002948    #青岛银行     4.74      252.0亿
002262    #恩华药业     17.08     251.8亿
002405    #四维图新     -26.66    251.8亿
600259    #中稀有色     147.76    251.3亿
600132    #重庆啤酒     15.15     250.7亿
000415    #渤海租赁     -13.69    250.5亿
002389    #航天彩虹     3096.35   250.3亿
601020    #华钰矿业     23.41     250.1亿
688409    #富创精密     500.38    250.1亿
000032    #深桑达Ａ     -62.35    248.4亿
002270    #华明装备     32.05     248.3亿
000875    #吉电股份     23.64     246.7亿
300012    #华测检测     22.73     246.2亿
688266    #泽璟制药-U   -197.65   246.2亿
000709    #河钢股份     22.42     246.0亿
000681    #视觉中国     248.24    246.0亿
600012    #皖通高速     12.48     245.9亿
600575    #淮河能源     24.50     245.8亿
688195    #腾景科技     288.59    245.5亿
300718    #长盛轴承     97.85     245.0亿
301345    #涛涛车业     30.29     244.9亿
300570    #太辰光       70.42     244.4亿
600707    #彩虹股份     48.31     244.4亿
600566    #济川药业     17.92     244.3亿
600877    #电科芯片     1842.85   244.0亿
002217    #合力泰       1026.78   243.8亿
688281    #华秦科技     75.08     243.2亿
600004    #白云机场     16.63     243.0亿
002739    #万达电影     25.71     242.9亿
002326    #永太科技     559.06    242.7亿
603290    #斯达半导     47.66     242.7亿
300260    #新莱应材     125.31    242.6亿
600582    #天地科技     7.77      242.5亿
002428    #云南锗业     999.21    241.8亿
002865    #钧达股份     -43.28    241.7亿
000623    #吉林敖东     8.00      241.1亿
300623    #捷捷微电     51.99     240.5亿
002544    #普天科技     1025.93   240.2亿
600612    #老凤祥       12.52     240.1亿
000539    #粤电力Ａ     30.82     239.9亿
300660    #江苏雷利     67.89     239.7亿
002926    #华西证券     16.97     239.7亿
001221    #悍高集团     37.16     239.5亿
002320    #海峡股份     94.24     239.3亿
601001    #晋控煤业     14.02     238.7亿
688146    #中船特气     72.88     238.6亿
600323    #瀚蓝环境     11.15     238.5亿
002048    #宁波华翔     201.43    238.3亿
300676    #华大基因     -834.70   238.0亿
600783    #鲁信创投     55.57     237.8亿
600516    #方大炭素     157.40    237.5亿
002895    #川恒股份     18.47     237.5亿
600563    #法拉电子     20.06     237.4亿
603341    #龙旗科技     35.08     237.3亿
688449    #联芸科技     197.22    236.8亿
300229    #拓尔思       -110.76   236.4亿
688088    #虹软科技     125.09    236.4亿
000155    #川能动力     50.96     236.1亿
000429    #粤高速Ａ     11.44     235.6亿
688301    #奕瑞科技     37.55     235.6亿
600057    #厦门象屿     10.81     235.5亿
601000    #唐山港       12.68     234.7亿
688205    #德科立       438.78    234.6亿
600120    #浙江东方     22.00     234.6亿
605255    #天普股份     984.88    234.4亿
300773    #拉卡拉       51.86     234.4亿
600166    #福田汽车     15.80     234.4亿
000528    #柳工         12.06     234.3亿
688279    #峰岹科技     105.05    234.3亿
000898    #鞍钢股份     -8.61     234.2亿
002611    #东方精工     34.34     233.7亿
600416    #湘电股份     87.35     233.6亿
600171    #上海贝岭     85.61     233.2亿
000088    #盐田港       16.31     232.9亿
688772    #珠海冠宇     45.10     232.6亿
300738    #奥飞数据     119.84    232.4亿
688536    #思瑞浦       138.30    232.4亿
002266    #浙富控股     23.58     232.3亿
600606    #绿地控股     -2.60     231.9亿
600098    #广州发展     8.05      231.7亿
600927    #永安期货     36.55     231.4亿
603360    #百傲化学     138.31    230.5亿
601128    #常熟银行     5.15      230.5亿
002568    #百润股份     31.24     228.8亿
600246    #万通发展     -866.43   228.7亿
600651    #飞乐音响     483.17    228.6亿
688363    #华熙生物     67.81     228.2亿
600535    #天士力       17.36     227.8亿
600475    #华光环能     49.56     227.5亿
603337    #杰克科技     24.98     227.1亿
600629    #华建集团     107.87    226.9亿
001301    #尚太科技     23.91     226.8亿
688048    #长光华芯     811.34    226.6亿
002759    #天际股份     -167.32   226.4亿
920045    #蘅东光       75.64     226.0亿
002171    #楚江新材     47.60     225.4亿
688123    #聚辰股份     52.85     225.4亿
601992    #金隅集团     -11.86    225.3亿
601969    #海南矿业     54.07     225.2亿
600619    #海立股份     304.79    224.9亿
600869    #远东股份     100.17    223.9亿
300100    #双林股份     41.69     223.6亿
300455    #航天智装     -105.85   223.5亿
300811    #铂科新材     57.08     223.4亿
002400    #省广集团     174.16    223.1亿
300144    #宋城演艺     22.20     223.1亿
600548    #深高速       11.35     222.6亿
688759    #必贝特-U     -155.09   222.2亿
000582    #北部湾港     21.11     222.0亿
600906    #财达证券     25.07     222.0亿
300888    #稳健医疗     22.72     221.8亿
300049    #福瑞医科     148.49    221.5亿
603305    #旭升集团     55.39     221.4亿
000967    #盈峰环境     35.22     221.4亿
603613    #国联股份     15.06     221.0亿
600008    #首创环保     11.56     221.0亿
000686    #东北证券     15.42     219.3亿
002312    #川发龙蟒     37.63     219.2亿
000901    #航天科技     173.17    219.1亿
600179    #安通控股     24.71     218.8亿
002378    #章源钨业     86.21     218.5亿
600380    #健康元       15.01     218.4亿
300779    #惠城环保     594.70    218.4亿
000791    #甘肃能源     10.35     218.3亿
301219    #腾远钴业     21.79     218.2亿
600511    #国药股份     10.96     218.1亿
002500    #山西证券     22.33     217.9亿
688660    #电气风电     -22.33    217.9亿
688166    #博瑞医药     323.76    217.2亿
300342    #天银机电     669.46    216.6亿
600271    #航天信息     -35.49    216.6亿
601966    #玲珑轮胎     13.89     216.2亿
300140    #节能环境     18.35     216.0亿
601158    #重庆水务     20.78     216.0亿
002747    #埃斯顿       557.45    215.6亿
000029    #深深房Ａ     111.37    215.5亿
688502    #茂莱光学     353.52    215.4亿
000723    #美锦能源     -21.91    215.3亿
300446    #航天智造     24.81     215.2亿
301626    #苏州天脉     113.11    215.0亿
002984    #森麒麟       15.88     215.0亿
603688    #石英股份     119.22    214.8亿
601333    #广深铁路     11.05     214.6亿
002583    #海能达       86.48     214.6亿
688630    #芯碁微装     80.91     214.5亿
002237    #恒邦股份     28.55     213.8亿
000935    #四川双马     54.56     213.5亿
603233    #大参林       14.82     213.5亿
600850    #电科数字     62.76     213.2亿
002324    #普利特       49.15     213.0亿
000069    #华侨城Ａ     -3.66     213.0亿
601997    #贵阳银行     4.08      212.8亿
600131    #国网信通     45.43     212.7亿
002703    #浙江世宝     106.47    212.5亿
600633    #浙数文化     29.75     212.1亿
688652    #京仪装备     123.53    211.7亿
603658    #安图生物     18.47     211.7亿
300558    #贝达药业     49.91     210.9亿
002901    #大博医疗     37.21     210.7亿
300655    #晶瑞电材     123.00    210.5亿
603025    #大豪科技     26.28     210.5亿
688520    #神州细胞     -62.94    210.4亿
002468    #申通快递     20.86     210.2亿
300146    #汤臣倍健     17.37     210.1亿
000598    #兴蓉环境     8.93      210.1亿
300679    #电连技术     42.26     210.1亿
000739    #普洛药业     22.49     210.0亿
002149    #西部材料     227.08    209.7亿
300726    #宏达电子     48.03     209.5亿
600961    #株冶集团     18.29     209.2亿
603565    #中谷物流     11.12     209.2亿
002461    #珠江啤酒     16.60     208.9亿
002373    #千方科技     82.92     208.9亿
600763    #通策医疗     30.51     208.9亿
000785    #居然智家     39.17     208.0亿
688031    #星环科技-U   -73.12    207.9亿
002779    #中坚科技     692.73    207.8亿
688141    #杰华特       -33.85    207.6亿
601098    #中南传媒     13.27     207.1亿
300827    #上能电气     49.94     207.0亿
300568    #星源材质     135.65    206.9亿
002245    #蔚蓝锂芯     30.24     206.9亿
600428    #中远海特     11.64     206.3亿
600820    #隧道股份     12.79     206.3亿
688698    #伟创电气     68.73     205.8亿
688627    #精智达       372.02    205.7亿
601137    #博威合金     17.51     205.6亿
002299    #圣农发展     13.28     205.2亿
688400    #凌云光       115.95    205.1亿
603698    #航天工程     114.33    205.0亿
688006    #杭可科技     39.83     204.8亿
300682    #朗新集团     145.03    204.5亿
600655    #豫园股份     -31.42    204.4亿
000636    #风华高科     67.00     204.1亿
601666    #平煤股份     54.70     204.0亿
600546    #山煤国际     14.61     203.8亿
603355    #莱克电气     24.54     203.2亿
603306    #华懋科技     88.25     203.0亿
601375    #中原证券     39.07     202.9亿
600764    #XD中国海     98.69     202.9亿
002120    #韵达股份     20.82     202.7亿
300624    #万兴科技     -246.25   202.2亿
601702    #华峰铝业     16.93     202.2亿
300045    #华力创通     1613.08   201.9亿
600933    #爱柯迪       16.91     201.9亿
603530    #神马电力     54.58     201.6亿
301316    #慧博云通     203.75    201.3亿
300459    #汤姆猫       -343.26   201.1亿
300118    #东方日升     -16.14    200.9亿
300142    #沃森生物     91.96     200.4亿
000591    #太阳能       13.31     199.8亿
601016    #节能风电     19.96     199.7亿
000902    #新洋丰       10.90     199.6亿
688100    #威胜信息     31.53     199.3亿
600388    #龙净环保     19.14     199.1亿
603077    #和邦生物     160.06    198.7亿
605196    #华通线缆     57.86     198.5亿
301511    #德福科技     223.47    198.4亿
300735    #光弘科技     74.79     198.4亿
688567    #孚能科技     -38.59    198.3亿
002847    #盐津铺子     24.59     198.2亿
000410    #沈阳机床     12975.24  198.2亿
000581    #威孚高科     12.89     198.0亿
301061    #匠心家居     22.58     197.9亿
300776    #帝尔激光     29.91     197.8亿
301035    #润丰股份     16.65     197.5亿
000061    #农产品       56.08     197.3亿
300913    #兆龙互连     107.05    197.3亿
603871    #嘉友国际     16.93     197.3亿
600339    #中油工程     28.24     197.1亿
600635    #大众公用     28.42     196.9亿
603888    #新华网       72.56     196.8亿
000951    #中国重汽     14.04     196.6亿
301363    #美好医疗     70.78     196.5亿
600007    #中国国贸     15.65     196.2亿
688372    #伟测科技     72.62     196.0亿
002432    #九安医疗     9.25      196.0亿
600114    #东睦股份     35.17     194.7亿
600258    #首旅酒店     19.32     194.4亿
300457    #赢合科技     48.24     194.3亿
688388    #嘉元科技     356.32    194.2亿
603992    #松霖科技     91.73     194.0亿
002690    #美亚光电     28.04     194.0亿
300468    #四方精创     217.28    193.8亿
600062    #华润双鹤     10.77     193.7亿
002413    #雷科防务     -160.02   193.3亿
001267    #汇绿生态     280.21    193.2亿
601811    #新华文轩     14.84     193.2亿
601139    #深圳燃气     13.72     193.0亿
600726    #华电能源     54.16     192.9亿
601326    #秦港股份     10.40     192.8亿
000543    #皖能电力     7.58      192.7亿
601609    #金田股份     24.52     192.4亿
688503    #聚和材料     60.35     192.3亿
002607    #中公教育     156.42    191.8亿
600779    #水井坊       44.04     191.4亿
603662    #柯力传感     56.48     191.4亿
300850    #新强联       21.61     191.3亿
002439    #启明星辰     -66.37    190.9亿
603005    #晶方科技     52.21     190.6亿
600959    #江苏有线     45.68     190.5亿
000937    #冀中能源     35.08     190.5亿
603730    #岱美股份     32.03     189.9亿
601019    #山东出版     11.44     189.7亿
300573    #兴齐眼药     23.71     189.3亿
600761    #安徽合力     12.66     189.3亿
601858    #中国科传     45.71     189.2亿
000962    #东方钽业     68.10     189.1亿
600201    #生物股份     87.92     189.1亿
688516    #奥特维       36.29     188.8亿
601187    #厦门银行     7.30      188.7亿
300602    #飞荣达       49.42     188.6亿
002145    #钛能化学     44.72     188.4亿
600032    #浙江新能     23.03     188.3亿
600702    #舍得酒业     29.88     188.0亿
301155    #海力风电     40.59     187.6亿
002639    #雪人集团     358.48    187.2亿
601677    #明泰铝业     9.99      187.0亿
603185    #弘元绿能     59.54     186.8亿
600739    #辽宁成大     10.27     186.8亿
300007    #汉威科技     164.90    186.5亿
300747    #锐科激光     113.46    186.1亿
002987    #京北方       57.24     185.8亿
688798    #艾为电子     50.51     185.7亿
300503    #昊志机电     114.50    185.6亿
000680    #山推股份     16.60     185.6亿
300296    #利亚德       49.83     185.2亿
601921    #浙版传媒     21.92     185.1亿
600206    #有研新材     56.49     184.8亿
603678    #火炬电子     43.26     184.8亿
301286    #侨源股份     76.56     184.6亿
688519    #南亚新材     87.54     184.5亿
003035    #南网能源     40.41     184.5亿
920116    #星图测控     219.85    184.4亿
600528    #中铁工业     13.91     184.2亿
301293    #三博脑科     164.97    183.9亿
603556    #海兴电力     18.82     183.8亿
603039    #泛微网络     137.59    183.5亿
002508    #老板电器     11.89     183.4亿
300131    #英唐智控     526.69    183.1亿
603301    #振德医疗     67.50     182.9亿
300199    #翰宇药业     192.18    182.8亿
001213    #中铁特货     28.98     182.7亿
300674    #宇信科技     48.97     182.3亿
601107    #四川成渝     10.52     182.3亿
002364    #中恒电气     188.35    182.3亿
600456    #宝钛股份     43.80     182.0亿
688327    #云从科技-UW  -44.08    182.0亿
002317    #众生药业     54.41     181.8亿
601636    #旗滨集团     14.89     181.7亿
002010    #传化智联     21.38     181.6亿
002315    #焦点科技     32.71     181.6亿
688116    #天奈科技     69.39     181.4亿
300777    #中简科技     46.91     181.4亿
300244    #迪安诊断     239.72    181.2亿
002399    #海普瑞       24.55     181.2亿
300766    #每日互动     -250.76   181.2亿
688131    #皓元医药     57.30     180.8亿
600490    #鹏欣资源     57.93     180.8亿
601918    #新集能源     8.75      180.6亿
000563    #陕国投Ａ     12.55     180.5亿
002698    #博实股份     31.79     180.4亿
002268    #电科网安     -63.34    180.1亿
688484    #南芯科技     70.57     179.9亿
600667    #太极实业     30.54     179.9亿
002396    #星网锐捷     39.13     179.7亿
001287    #中电港       52.22     179.3亿
600641    #先导基电     720.14    179.2亿
000620    #盈新发展     -27.64    179.1亿
300034    #钢研高纳     107.73    178.9亿
300601    #康泰生物     272.83    178.8亿
688362    #甬矽电子     212.20    178.6亿
000799    #酒鬼酒       -1365.67  178.5亿
600072    #中船科技     -9.34     178.5亿
300910    #瑞丰新材     23.30     178.4亿
600226    #亨通股份     70.83     178.2亿
300010    #豆神教育     145.59    178.1亿
000555    #神州信息     -124.99   178.0亿
002978    #安宁股份     21.07     177.9亿
000628    #高新发展     140.05    177.9亿
301018    #申菱环境     88.85     177.8亿
002031    #巨轮智能     -148.96   177.7亿
603589    #口子窖       17.96     177.7亿
301039    #中集车辆     21.44     177.7亿
300315    #掌趣科技     173.73    177.3亿
301589    #诺瓦星云     29.87     177.3亿
002015    #协鑫能科     17.41     176.9亿
002565    #顺灏股份     197.10    176.9亿
688332    #中科蓝讯     62.80     176.8亿
002906    #华阳集团     23.62     176.8亿
300182    #捷成股份     62.38     176.6亿
000537    #绿发电力     16.43     176.5亿
603927    #中科软       76.23     176.2亿
300378    #鼎捷数智     258.52    176.1亿
301486    #致尚科技     80.87     176.0亿
688390    #固德威       162.63    175.9亿
002182    #宝武镁业     150.83    175.8亿
300492    #华图山鼎     52.92     175.8亿
600338    #西藏珠峰     30.19     175.7亿
300133    #华策影视     75.21     175.6亿
603456    #九洲药业     17.61     175.6亿
300376    #易事特       139.67    175.5亿
300723    #一品红       -96.74    175.5亿
300009    #安科生物     23.87     175.5亿
300957    #贝泰妮       48.34     175.2亿
688153    #唯捷创芯     1527.05   175.1亿
002385    #大北农       51.07     175.0亿
600859    #王府井       106.00    174.8亿
002969    #嘉美包装     334.57    174.7亿
002936    #郑州银行     5.74      174.6亿
688800    #瑞可达       56.14     174.4亿
301029    #怡合达       31.31     174.3亿
000685    #中山公用     10.79     174.2亿
603858    #步长制药     15.03     174.0亿
600623    #华谊集团     33.01     173.9亿
002139    #拓邦股份     31.00     173.8亿
603712    #七一二       -63.22    173.7亿
300775    #三角防务     34.69     173.7亿
603997    #继峰股份     51.83     173.5亿
300377    #赢时胜       -300.86   173.3亿
688127    #蓝特光学     52.01     173.3亿
001369    #双欣环保     32.15     173.2亿
688097    #博众精工     39.06     173.1亿
688185    #康希诺       898.69    173.0亿
601068    #中铝国际     109.14    173.0亿
000801    #四川九洲     132.62    173.0亿
601369    #陕鼓动力     21.00     172.9亿
688382    #益方生物-U   -71.43    172.8亿
002366    #融发核电     -176.74   172.7亿
601965    #中国汽研     19.43     172.5亿
000980    #众泰汽车     -58.10    172.5亿
000099    #中信海直     52.87     172.5亿
688432    #有研硅       82.77     172.3亿
603056    #德邦股份     -46.67    172.3亿
002176    #江特电机     -114.36   172.2亿
000778    #新兴铸管     18.44     172.0亿
300761    #立华股份     44.92     172.0亿
002372    #伟星新材     23.90     171.9亿
688206    #概伦电子     307.02    171.9亿
002958    #青农商行     3.88      171.7亿
000682    #东方电子     25.98     171.5亿
002815    #崇达技术     40.89     171.0亿
000833    #粤桂股份     28.88     170.9亿
603014    #威高血净     37.54     170.6亿
002896    #中大力德     223.37    170.4亿
600361    #创新新材     17.99     170.2亿
300593    #新雷能       -141.86   170.0亿
688353    #华盛锂电     -123.76   169.9亿
002506    #协鑫集成     -22.92    169.7亿
002536    #飞龙股份     44.34     169.5亿
002755    #奥赛康       56.92     169.5亿
301678    #新恒汇       106.04    169.4亿
002276    #万马股份     30.85     169.4亿
600621    #华鑫股份     25.09     169.1亿
603868    #飞科电器     27.70     168.8亿
600675    #中华企业     35.96     168.7亿
688779    #五矿新能     -628.37   168.4亿
002096    #易普力       19.57     168.1亿
000917    #电广传媒     95.28     167.8亿
688726    #拉普拉斯     21.39     167.7亿
600867    #通化东宝     10.46     167.7亿
000970    #中科三环     139.20    167.6亿
002416    #爱施德       37.27     167.6亿
600720    #中交设计     16.70     167.5亿
688068    #热景生物     -115.30   167.5亿
600531    #豫光金铅     20.24     167.5亿
002368    #太极股份     3102.65   167.4亿
688062    #迈威生物-U   -20.99    167.2亿
600596    #新安股份     175.56    167.1亿
688392    #骄成超声     133.13    166.9亿
603026    #石大胜华     -200.92   166.6亿
603882    #金域医学     -156.99   166.6亿
600167    #联美控股     23.00     166.5亿
002922    #伊戈尔       70.05     166.3亿
300576    #容大感光     125.82    165.9亿
600986    #浙文互联     98.23     165.8亿
300428    #立中集团     19.89     165.8亿
600022    #山东钢铁     88.96     165.8亿
300130    #新国都       30.48     165.7亿
000422    #湖北宜化     15.29     165.4亿
603733    #仙鹤股份     15.92     165.1亿
600827    #百联股份     41.95     165.0亿
600403    #大有能源     -11.03    165.0亿
688403    #汇成股份     99.56     164.9亿
300129    #泰胜风能     56.94     164.4亿
688790    #昂瑞微-UW    -196.41   164.4亿
600928    #西安银行     6.05      164.0亿
603505    #金石资源     52.16     163.9亿
603778    #国晟科技     -81.35    163.8亿
300529    #健帆生物     27.10     163.8亿
300101    #振芯科技     132.40    163.8亿
300065    #海兰信       308.17    163.6亿
605099    #共创草坪     23.73     163.0亿
301267    #华厦眼科     28.17     162.9亿
600446    #金证股份     -216.03   162.8亿
300469    #信息发展     -156.43   162.8亿
688029    #南微医学     23.95     162.6亿
920808    #曙光数创     -173.92   161.9亿
300357    #我武生物     35.17     161.7亿
603009    #北特科技     130.66    161.4亿
002643    #万润股份     39.61     161.4亿
000600    #建投能源     7.62      160.8亿
000156    #华数传媒     34.56     160.8亿
688691    #灿芯股份     -127.65   160.8亿
603638    #艾迪精密     38.15     160.7亿
002250    #联化科技     38.17     160.7亿
688552    #航天南湖     321.38    160.6亿
301238    #瑞泰新材     102.23    160.6亿
603663    #三祥新材     154.39    160.5亿
605376    #博迁新材     79.38     160.4亿
600452    #涪陵电力     40.59     160.1亿
688167    #炬光科技     5340.45   159.9亿
688198    #佰仁医疗     129.37    159.9亿
688686    #奥普特       65.63     159.8亿
002925    #盈趣科技     67.30     159.8亿
300113    #顺网科技     36.93     159.4亿
600459    #贵研铂业     23.87     159.3亿
600056    #中国医药     26.27     159.3亿
688807    #优迅股份     163.74    159.2亿
000927    #中国铁物     26.37     159.1亿
688352    #颀中科技     64.66     159.1亿
603194    #中力股份     17.41     159.0亿
603132    #金徽股份     34.47     159.0亿
300806    #斯迪克       263.37    159.0亿
688258    #卓易信息     267.27    158.9亿
300083    #创世纪       34.20     158.7亿
002115    #三维通信     4137.20   158.5亿
002617    #露笑科技     48.28     158.5亿
603011    #合锻智能     -267.77   158.3亿
300088    #长信科技     41.53     158.1亿
000811    #冰轮环境     27.70     158.1亿
603376    #大明电子     61.48     158.1亿
002911    #佛燃能源     24.17     158.0亿
300969    #恒帅股份     91.77     157.9亿
301095    #广立微       319.68    157.8亿
601568    #北元集团     55.33     157.7亿
002020    #京新药业     20.52     157.5亿
601975    #招商南油     12.45     157.3亿
688584    #上海合晶     112.49    157.2亿
600662    #外服控股     22.61     157.1亿
603406    #天富龙       36.31     157.0亿
300257    #开山股份     38.72     157.0亿
002226    #江南化工     17.70     156.8亿
002891    #中宠股份     35.27     156.8亿
600366    #宁波韵升     42.57     156.6亿
002549    #凯美特气     155.77    156.6亿
600315    #上海家化     28.97     156.6亿
603169    #兰石重装     1048.29   156.5亿
688326    #经纬恒润-W   -156.35   156.5亿
002946    #新乳业       18.81     156.2亿
000550    #江铃汽车     15.63     156.2亿
688300    #联瑞新材     53.21     156.1亿
000923    #河钢资源     21.77     156.1亿
600330    #天通股份     204.00    155.9亿
301123    #奕东电子     407.59    155.9亿
300990    #同飞股份     64.77     155.9亿
300035    #中科电气     29.09     155.8亿
603300    #海南华铁     22.05     155.8亿
603352    #N至信        70.66     155.4亿
000656    #*ST金科      -1.08     155.3亿
301522    #上大股份     152.05    155.3亿
002361    #神剑股份     383.69    155.1亿
300821    #东岳硅材     4064.15   154.8亿
601038    #一拖股份     11.67     154.7亿
300634    #彩讯股份     59.08     154.7亿
300618    #寒锐钴业     48.63     154.5亿
002019    #亿帆医药     29.83     154.2亿
001308    #康冠科技     22.96     153.9亿
688559    #海目星       -12.65    153.9亿
300363    #博腾股份     144.13    153.6亿
300607    #拓斯达       233.40    153.5亿
000966    #长源电力     33.74     153.5亿
603707    #健友股份     26.80     153.5亿
002121    #科陆电子     49.64     153.5亿
300224    #正海磁材     50.46     153.4亿
000612    #焦作万方     12.68     153.2亿
605111    #新洁能       34.32     153.1亿
002017    #东信和平     101.79    152.6亿
688668    #鼎通科技     64.81     152.6亿
301488    #豪恩汽电     179.44    152.5亿
605118    #力鼎光电     52.96     152.5亿
600728    #佳都科技     60.54     152.5亿
688549    #中巨芯-U     453.13    152.3亿
301050    #雷电微力     72.85     152.2亿
600589    #大位科技     300.10    152.2亿
688545    #兴福电子     69.01     152.2亿
002768    #国恩股份     18.55     152.2亿
600155    #华创云信     55.72     152.1亿
688063    #派能科技     238.28    152.0亿
300772    #运达股份     45.30     151.9亿
600556    #天下秀       319.41    151.9亿
001208    #华菱线缆     123.38    151.6亿
300008    #天海防务     49.08     151.5亿
002507    #涪陵榨菜     16.85     151.2亿
301091    #深城交       262.98    151.0亿
600064    #南京高科     4.64      150.9亿
688543    #国科军工     79.14     150.8亿
300068    #南都电源     -51.35    150.8亿
601083    #锦江航运     9.54      150.6亿
002701    #奥瑞金       10.49     150.5亿
600480    #凌云股份     19.15     150.2亿
002024    #ST易购       153.51    150.1亿
601718    #际华集团     -60.56    150.0亿
601778    #晶科科技     31.63     150.0亿
605296    #神农集团     24.37     150.0亿
688789    #宏华数科     29.00     149.9亿
002091    #江苏国泰     12.02     149.9亿
603200    #上海洗霸     94.11     149.9亿
688222    #成都先导     121.02    149.9亿
002882    #金龙羽       106.99    149.8亿
002163    #海南发展     -30.78    149.7亿
600618    #氯碱化工     18.30     149.5亿
300657    #弘信电子     123.67    149.3亿
301225    #恒勃股份     118.84    149.2亿
601929    #吉视传媒     -32.25    149.0亿
600755    #厦门国贸     19.36     149.0亿
000762    #西藏矿业     -1547.87  149.0亿
603876    #鼎胜新材     36.40     148.9亿
600006    #东风股份     109.91    148.8亿
600326    #西藏天路     493.74    148.8亿
002292    #奥飞娱乐     220.71    148.8亿
300595    #欧普康视     25.23     148.7亿
600353    #旭光电子     110.29    148.6亿
601949    #中国出版     46.77     148.5亿
300398    #飞凯材料     38.28     148.5亿
001331    #胜通能源     250.00    148.0亿
002534    #西子洁能     62.82     147.9亿
600759    #洲际油气     133.35    147.7亿
301510    #固高科技     248.12    147.6亿
600559    #老白干酒     27.63     147.5亿
603202    #天有为       14.19     147.4亿
002539    #云图控股     16.36     147.2亿
002192    #融捷股份     76.54     146.9亿
002290    #禾盛新材     76.34     146.7亿
600376    #首开股份     -3.54     146.5亿
300070    #碧水源       -137.90   146.4亿
002092    #中泰化学     -61.24    146.3亿
300353    #东土科技     -73.98    146.3亿
603063    #禾望电气     32.76     146.0亿
300520    #科大国创     -91.36    145.8亿
600775    #南京熊猫     -121.77   145.7亿
301389    #隆扬电子     133.69    145.7亿
605333    #沪光股份     25.71     145.6亿
001337    #四川黄金     29.56     145.5亿
603583    #捷昌驱动     28.70     145.4亿
300684    #中石科技     43.28     145.3亿
002563    #森马服饰     20.29     145.2亿
002310    #东方新能     -5270.60  145.2亿
301078    #孩子王       52.06     145.2亿
605598    #上海港湾     137.39    145.1亿
600500    #中化国际     -8.17     145.0亿
600611    #大众交通     110.82    144.9亿
002204    #大连重工     22.18     144.9亿
600750    #江中药业     15.88     144.7亿
000810    #创维数字     126.09    144.3亿
601619    #嘉泽新能     18.15     143.9亿
002408    #齐翔腾达     -74.01    143.8亿
600198    #大唐电信     -217.51   143.8亿
688321    #微芯生物     152.35    143.8亿
600420    #国药现代     13.45     143.6亿
688125    #安达智能     -111.08   143.6亿
002251    #步步高       47.75     143.6亿
688612    #威迈斯       25.27     143.3亿
002745    #木林森       51.34     143.2亿
600864    #哈投股份     19.73     143.1亿
600718    #东软集团     209.92    143.0亿
688001    #华兴源创     70.75     143.0亿
002338    #奥普光电     281.19    142.7亿
000089    #深圳机场     22.84     142.5亿
301489    #思泉新材     168.35    142.5亿
600211    #西藏药业     14.81     142.5亿
000880    #潍柴重机     57.20     142.5亿
600383    #金地集团     -2.38     142.2亿
600710    #苏美达       9.66      142.2亿
688228    #开普云       -2946.79  142.2亿
301551    #无线传媒     49.09     142.1亿
300814    #中富电路     382.46    142.0亿
301600    #慧翰股份     78.39     142.0亿
300053    #航宇微       -146.93   142.0亿
600529    #山东药玻     19.63     141.9亿
600648    #外高桥       64.31     141.8亿
000758    #中色股份     22.10     141.7亿
301291    #明阳电气     22.72     141.6亿
601827    #三峰环境     9.62      141.6亿
000035    #中国天楹     33.84     141.4亿
600872    #中炬高新     27.88     141.2亿
688182    #灿勤科技     122.80    141.2亿
002541    #鸿路钢构     21.27     140.8亿
300204    #舒泰神       -343.97   140.8亿
688605    #先锋精科     65.13     140.5亿
002426    #胜利精密     -144.19   140.5亿
002158    #汉钟精机     26.89     140.5亿
002173    #创新医疗     2227.70   140.3亿
601512    #中新集团     12.66     140.1亿
002287    #奇正藏药     24.78     139.9亿
002190    #成飞集成     -303.78   139.8亿
000998    #隆平高科     -15.77    139.6亿
301357    #北方长龙     927.13    139.5亿
603218    #日月股份     24.09     139.5亿
601595    #上海电影     75.01     139.4亿
002929    #润建股份     1623.67   139.3亿
300436    #广生堂       -93.64    139.3亿
002011    #盾安环境     13.59     139.3亿
000028    #国药一致     10.91     139.3亿
603983    #丸美生物     42.80     139.2亿
300171    #东富龙       79.32     139.2亿
605507    #国邦医药     15.55     139.0亿
600916    #中国黄金     31.12     138.9亿
600063    #皖维高新     27.40     138.8亿
300926    #博俊科技     16.60     138.8亿
300323    #华灿光电     -53.13    138.6亿
605599    #菜百股份     16.07     138.6亿
000536    #华映科技     -14.40    138.6亿
601801    #皖新传媒     10.86     138.4亿
301629    #矽电股份     414.02    138.4亿
600409    #三友化工     85.26     138.3亿
000818    #航锦科技     682.74    138.3亿
600399    #抚顺特钢     -18.87    138.2亿
002060    #广东建工     18.56     138.2亿
603515    #欧普照明     17.96     138.1亿
002967    #广电计量     43.37     138.1亿
300337    #银邦股份     161.86    138.0亿
000012    #南玻Ａ       68.76     137.9亿
301285    #鸿日达       -552.45   137.7亿
605020    #永和股份     22.00     137.7亿
688380    #中微半导     67.75     137.6亿
300986    #志特新材     87.51     137.5亿
603099    #长白山       69.04     137.5亿
600773    #西藏城投     -91.67    137.5亿
000506    #招金黄金     125.51    137.5亿
600552    #凯盛科技     80.11     137.4亿
301392    #汇成真空     583.78    137.4亿
002243    #力合科创     87.54     137.4亿
688306    #均普智能     -189.54   137.3亿
603906    #龙蟠科技     -93.07    137.1亿
600273    #嘉化能源     12.49     137.0亿
000869    #张裕Ａ       54.78     137.0亿
603093    #南华期货     29.19     136.8亿
601900    #南方传媒     12.06     136.8亿
601033    #永兴股份     13.75     136.7亿
002928    #华夏航空     16.52     136.5亿
000403    #派林生物     28.64     136.4亿
688776    #国光电气     -255.65   136.3亿
002979    #雷赛智能     63.84     136.3亿
001339    #智微智能     78.00     136.2亿
600373    #中文传媒     25.53     135.9亿
600058    #五矿发展     89.34     135.8亿
002104    #恒宝股份     273.05    135.8亿
603317    #天味食品     25.96     135.8亿
300188    #国投智能     -27.81    135.5亿
603588    #高能环境     15.72     135.4亿
000761    #本钢板材     -4.57     135.2亿
600481    #双良节能     -18.64    135.1亿
600507    #方大特钢     12.84     135.1亿
002931    #锋龙股份     470.58    135.0亿
600686    #金龙汽车     40.91     134.9亿
600216    #浙江医药     10.84     134.8亿
601026    #道生天合     65.79     134.6亿
300077    #国民技术     -136.94   134.6亿
300516    #久之洋       464.24    134.6亿
603031    #安孚科技     57.82     134.5亿
002446    #盛路通信     119.80    134.3亿
001359    #平安电工     50.13     134.3亿
002867    #周大生       11.42     134.3亿
600248    #陕建股份     8.98      134.3亿
300166    #东方国信     -102.15   134.1亿
000837    #秦川机床     211.02    133.8亿
300212    #易华录       -18.76    133.8亿
603027    #千禾味业     38.62     133.7亿
600717    #天津港       12.86     133.7亿
301662    #宏工科技     340.87    133.7亿
300855    #图南股份     81.28     133.7亿
301665    #泰禾股份     27.26     133.6亿
300785    #值得买       744.23    133.5亿
688631    #莱斯信息     -200.76   133.4亿
600693    #东百集团     113.66    133.4亿
301413    #安培龙       136.70    133.3亿
000553    #安道麦A      -23.64    133.3亿
002947    #恒铭达       24.49     133.2亿
688158    #优刻得-W     -119.66   133.1亿
300276    #三丰智能     263.15    133.0亿
002354    #天娱数科     233.35    132.9亿
002097    #山河智能     103.07    132.8亿
301584    #建发致新     43.26     132.6亿
601089    #福元医药     26.46     132.4亿
688160    #步科股份     222.26    132.0亿
605116    #奥锐特       27.98     131.9亿
600458    #时代新材     23.08     131.8亿
002498    #汉缆股份     20.86     131.7亿
002183    #怡亚通       280.58    131.7亿
920068    #天工股份     152.31    131.6亿
001227    #兰州银行     6.56      131.6亿
002913    #奥士康       34.88     131.4亿
605198    #安德利       34.73     131.3亿
002636    #金安国纪     56.96     131.3亿
688083    #中望软件     -240.99   131.3亿
002572    #索菲亚       14.43     131.2亿
605365    #立达信       77.23     131.1亿
301292    #海科新源     -76.79    131.1亿
601005    #重庆钢铁     -45.00    131.0亿
301015    #百洋医药     20.60     130.9亿
603124    #江南新材     59.34     130.7亿
300768    #迪普科技     104.62    130.6亿
600391    #航发科技     333.99    130.6亿
000719    #中原传媒     13.10     130.5亿
002859    #洁美科技     55.45     130.1亿
605123    #派克新材     41.06     130.0亿
688025    #杰普特       47.82     129.9亿
301263    #泰恩康       310.03    129.8亿
001233    #海安集团     21.07     129.8亿
000676    #智度股份     81.58     129.8亿
002221    #东华能源     129.06    129.6亿
600266    #城建发展     12.70     129.5亿
300348    #长亮科技     -852.05   129.4亿
002531    #天顺风能     139.20    129.4亿
300769    #德方纳米     -17.81    129.2亿
000065    #北方国际     20.00     129.2亿
603859    #能科科技     58.62     129.0亿
603100    #川仪股份     20.96     129.0亿
300580    #贝斯特       40.96     129.0亿
600501    #航天晨光     -85.41    128.9亿
603612    #索通发展     14.78     128.9亿
688439    #振华风光     106.06    128.8亿
300322    #硕贝德       190.45    128.8亿
000973    #佛塑科技     115.08    128.8亿
002174    #游族网络     126.44    128.7亿
300633    #开立医疗     288.01    128.7亿
601003    #柳钢股份     14.63     128.7亿
301371    #敷尔佳       29.68     128.6亿
603297    #永新光学     63.86     128.6亿
600110    #诺德股份     -102.87   128.6亿
002654    #万润科技     347.15    128.5亿
600908    #无锡银行     5.25      128.4亿
300693    #盛弘股份     34.81     128.4亿
601952    #苏垦农发     31.65     128.3亿
300680    #隆盛科技     45.73     128.2亿
600828    #茂业商业     230.34    128.2亿
688522    #纳睿雷达     131.30    128.1亿
600645    #中源协和     88.69     127.6亿
002063    #远光软件     77.49     127.6亿
301216    #万凯新材     123.15    127.4亿
002881    #美格智能     84.43     127.4亿
300415    #伊之密       16.93     127.4亿
002284    #亚太股份     29.08     127.3亿
000401    #金隅冀东     236.64    127.3亿
000031    #大悦城       -17.91    127.3亿
600267    #海正药业     20.70     127.2亿
002181    #粤传媒       82.00     127.1亿
688032    #禾迈股份     -161.19   127.1亿
002993    #奥海科技     26.56     127.0亿
002706    #良信股份     31.29     126.9亿
301396    #宏景科技     88.46     126.8亿
603267    #鸿远电子     42.77     126.8亿
002075    #沙钢股份     41.15     126.8亿
603809    #豪能股份     35.77     126.6亿
603319    #美湖股份     73.81     126.6亿
002036    #联创电子     186.38    126.5亿
600116    #三峡水利     27.04     126.4亿
688658    #悦康药业     -64.04    126.4亿
688128    #中国电研     24.81     126.0亿
920029    #开发科技     17.01     125.7亿
000006    #深振业Ａ     -1347.18  125.7亿
600882    #妙可蓝多     53.57     125.7亿
002838    #道恩股份     72.15     125.6亿
688531    #日联科技     75.33     125.4亿
002681    #奋达科技     734.87    125.3亿
301658    #首航新能     82.32     125.2亿
000552    #甘肃能化     -34.11    125.2亿
688091    #上海谊众     185.30    125.2亿
300997    #欢乐家       891.42    125.1亿
603690    #至纯科技     110.79    125.1亿
688233    #神工股份     131.71    125.0亿
002975    #博杰股份     88.65     125.0亿
600328    #中盐化工     162.01    124.9亿
002597    #金禾实业     23.95     124.9亿
601022    #宁波远洋     17.57     124.8亿
600744    #华银电力     26.22     124.7亿
000516    #国际医学     -31.85    124.7亿
688055    #龙腾光电     -51.99    124.7亿
688050    #爱博医疗     32.19     124.5亿
688626    #翔宇医疗     212.19    124.4亿
600787    #中储股份     20.98     124.3亿
300098    #高新兴       146.63    124.3亿
688190    #XD云路股     37.30     124.2亿
002003    #伟星股份     15.96     124.1亿
301177    #迪阿股份     90.67     124.0亿
600268    #国电南自     44.13     123.9亿
000700    #模塑科技     24.78     123.9亿
688003    #天准科技     -612.69   123.9亿
688351    #微电生理     221.69    123.9亿
002387    #维信诺       -5.72     123.9亿
300290    #荣科科技     -293.12   123.9亿
002434    #万里扬       27.22     123.6亿
600993    #马应龙       18.49     123.5亿
603013    #亚普股份     22.21     123.5亿
301127    #武汉天源     67.28     123.4亿
002093    #国脉科技     47.20     123.3亿
301232    #飞沃科技     201.02    123.3亿
301421    #波长光电     358.75    123.2亿
601828    #美凯龙       -2.94     123.2亿
301069    #凯盛新材     79.73     123.1亿
688661    #和林微纳     250.72    123.0亿
300180    #华峰超纤     96.72     122.9亿
001330    #博纳影业     -8.31     122.9亿
603680    #今创集团     18.69     122.8亿
600888    #新疆众和     17.32     122.5亿
300184    #力源信息     58.86     122.4亿
600996    #贵广网络     -11.25    122.3亿
002651    #利君股份     105.19    122.3亿
603883    #老百姓       17.34     122.3亿
600729    #重庆百货     11.97     122.2亿
002258    #利尔化学     24.03     122.1亿
688016    #心脉医疗     21.34     122.1亿
688161    #威高骨科     44.15     122.1亿
600478    #科力远       69.46     121.9亿
002941    #新疆交建     20.32     121.7亿
600055    #万东医疗     -335.25   121.6亿
688603    #天承科技     151.98    121.6亿
002605    #姚记科技     23.36     121.5亿
301087    #可孚医疗     35.01     121.5亿
300842    #帝科股份     309.27    121.5亿
000672    #上峰水泥     17.23     121.3亿
603619    #中曼石油     20.05     121.2亿
300846    #首都在线     -91.40    121.1亿
603283    #赛腾股份     22.65     121.1亿
603389    #*ST亚振      -289.02   121.0亿
603061    #金海通       72.62     121.0亿
600782    #新钢股份     25.20     121.0亿
603108    #润达医疗     -55.77    121.0亿
002342    #巨力索具     820.01    121.0亿
002170    #芭田股份     13.21     121.0亿
600734    #实达集团     -103.54   120.9亿
301183    #东田微       113.29    120.9亿
301209    #联合化学     191.12    120.8亿
688239    #航宇科技     62.04     120.7亿
002675    #东诚药业     60.68     120.6亿
603402    #陕西旅游     24.48     120.5亿
301617    #博苑股份     68.21     120.5亿
688591    #泰凌微       64.56     120.3亿
600461    #洪城环境     9.67      120.2亿
002083    #孚日股份     30.44     120.1亿
600269    #赣粤高速     5.53      120.0亿
603601    #再升科技     110.74    120.0亿
300893    #松原安全     34.20     120.0亿
000016    #深康佳Ａ     -9.16     119.9亿
300820    #英杰电气     46.58     119.9亿
300181    #佐力药业     17.62     119.8亿
603103    #横店影视     43.59     119.7亿
603235    #天新药业     19.50     119.7亿
000727    #冠捷科技     -14.91    119.6亿
002626    #金达威       24.85     119.5亿
603393    #新天然气     10.99     119.5亿
600185    #珠免集团     -15.86    119.5亿
300331    #苏大维格     251.13    119.5亿
600866    #星湖科技     8.83      119.5亿
600325    #华发股份     87.57     119.4亿
688757    #胜科纳米     158.23    119.4亿
600285    #羚锐制药     13.75     119.4亿
688165    #埃夫特-U     -44.69    119.3亿
688690    #纳微科技     83.02     119.3亿
601222    #林洋能源     24.88     119.1亿
688076    #ST诺泰       20.08     119.0亿
601116    #三江购物     77.96     119.0亿
301109    #军信股份     14.74     119.0亿
688717    #艾罗能源     59.30     118.9亿
001914    #招商积余     12.99     118.9亿
688401    #路维光电     51.89     118.8亿
300328    #宜安科技     25984.72  118.8亿
003009    #中天火箭     -303.20   118.8亿
688261    #东微半导     183.12    118.5亿
000697    #ST炼石       -50.75    118.5亿
000567    #海德股份     51.98     118.4亿
688319    #欧林生物     187.07    118.4亿
600751    #海航科技     91.62     118.3亿
600797    #浙大网新     284.36    118.3亿
920522    #纳科诺尔     155.77    118.1亿
000572    #海马汽车     -118.98   118.1亿
002705    #新宝股份     10.53     118.0亿
301517    #陕西华达     -618.45   118.0亿
600094    #大名城       34.33     117.9亿
600682    #南京新百     41.61     117.8亿
301207    #华兰疫苗     66.74     117.7亿
300525    #博思软件     1194.12   117.7亿
603991    #至正股份     -299.00   117.6亿
002212    #天融信       -37.42    117.5亿
300790    #宇瞳光学     46.88     117.5亿
601096    #宏盛华源     31.12     117.4亿
300294    #博雅生物     25.67     117.4亿
688368    #晶丰明源     376.36    117.1亿
600639    #浦东金桥     25.95     117.1亿
301031    #中熔电气     36.19     116.8亿
688289    #圣湘生物     45.79     116.8亿
603826    #坤彩科技     143.38    116.8亿
301382    #蜂助手       65.14     116.8亿
600345    #长江通信     526.34    116.7亿
002961    #瑞达期货     22.69     116.7亿
688107    #安路科技     -45.73    116.6亿
002557    #洽洽食品     52.05     116.6亿
688365    #光云科技     -581.29   116.5亿
688586    #江航装备     205.80    116.3亿
600640    #国脉文化     445.18    116.3亿
600509    #天富能源     23.28     116.1亿
002519    #银河电子     -216.91   116.1亿
000795    #英洛华       43.37     116.1亿
688150    #莱特光电     48.40     116.1亿
600133    #东湖高新     114.76    115.8亿
603262    #技源集团     74.46     115.7亿
003010    #若羽臣       82.79     115.7亿
600210    #紫江企业     8.98      115.6亿
002215    #诺普信       15.04     115.4亿
000058    #深赛格       93.15     115.4亿
600649    #城投控股     30.15     115.2亿
002588    #史丹利       10.60     115.2亿
300072    #海新能科     149.01    115.1亿
600654    #中安科       43.59     114.8亿
301306    #西测测试     -81.18    114.7亿
603072    #天和磁材     71.80     114.7亿
002123    #梦网科技     -147.63   114.7亿
600307    #酒钢宏兴     -12.10    114.6亿
000859    #国风新材     -131.01   114.6亿
603915    #国茂股份     46.36     114.6亿
300185    #通裕重工     102.51    114.6亿
002214    #*ST大立      -69.67    114.6亿
600572    #康恩贝       14.71     114.6亿
603162    #海通发展     34.01     114.5亿
301563    #云汉芯城     105.40    114.5亿
603533    #掌阅科技     -39.62    114.5亿
300687    #赛意信息     310.47    114.3亿
600184    #光电股份     347.47    114.3亿
600748    #上实发展     -14.05    114.2亿
002345    #潮宏基       27.02     114.2亿
603040    #新坐标       40.89     114.1亿
002488    #金固股份     203.50    114.0亿
301262    #海看股份     26.78     114.0亿
688556    #高测股份     -104.57   113.8亿
002006    #精工科技     58.96     113.8亿
002351    #漫步者       28.44     113.7亿
301556    #托普云农     93.39     113.7亿
001323    #慕思股份     18.24     113.6亿
688139    #海尔生物     42.82     113.3亿
603626    #科森科技     -73.89    113.1亿
300741    #华宝股份     110.10    113.1亿
000756    #新华制药     33.10     113.1亿
000534    #万泽股份     49.88     113.0亿
601163    #三角轮胎     12.41     113.0亿
688700    #东威科技     99.10     112.8亿
688499    #利元亨       178.12    112.8亿
600037    #歌华有线     4925.31   112.7亿
600597    #光明乳业     96.85     112.6亿
603418    #友升股份     23.52     112.6亿
601311    #骆驼股份     13.63     112.5亿
603057    #紫燕食品     43.46     112.5亿
603123    #翠微股份     -27.11    112.5亿
603328    #依顿电子     23.00     112.4亿
300613    #富瀚微       102.47    112.1亿
600757    #长江传媒     9.78      112.0亿
688739    #成大生物     50.94     111.9亿
603281    #江瀚新材     26.04     111.9亿
603327    #福蓉科技     102.90    111.9亿
000828    #东莞控股     10.04     111.9亿
688625    #呈和科技     36.81     111.8亿
600186    #莲花控股     33.14     111.7亿
002657    #中科金财     -74.81    111.6亿
300159    #*ST新研      -34.68    111.5亿
603226    #菲林格尔     -238.97   111.5亿
002943    #宇晶股份     369.55    111.4亿
688443    #智翔金泰-U   -25.10    111.3亿
300493    #润欣科技     181.19    111.3亿
603693    #江苏新能     21.38     111.3亿
002062    #宏润建设     34.24     111.2亿
600610    #中毅达       184.90    111.2亿
688535    #华海诚科     415.50    111.1亿
002985    #北摩高科     65.28     111.0亿
603599    #广信股份     15.99     111.0亿
603496    #恒为科技     213.29    111.0亿
605389    #长龄液压     75.33     110.9亿
301535    #浙江华远     105.36    110.9亿
002807    #江阴银行     6.50      110.8亿
000829    #天音控股     -145.21   110.7亿
300435    #中泰股份     24.73     110.6亿
002043    #兔宝宝       13.18     110.6亿
688155    #先惠技术     40.40     110.6亿
688418    #震有科技     -175.59   110.5亿
300324    #旋极信息     -47.75    110.4亿
301571    #国科天成     65.72     110.3亿
688366    #昊海生科     27.15     110.3亿
000712    #锦龙股份     54.36     110.3亿
688106    #金宏气体     71.32     110.3亿
002255    #海陆重工     25.85     110.2亿
300319    #麦捷科技     33.71     110.1亿
601200    #上海环境     15.86     110.1亿
603363    #傲农生物     19.95     110.1亿
688095    #福昕软件     5876.09   110.1亿
000930    #中粮科技     104.27    110.1亿
301150    #中一科技     213.36    110.1亿
000860    #顺鑫农业     106.95    109.8亿
688109    #品茗科技     169.86    109.7亿
300725    #药石科技     72.53     109.7亿
300026    #红日药业     101.83    109.7亿
603033    #三维股份     -72.06    109.6亿
002053    #云南能投     36.22     109.6亿
300005    #探路者       248.56    109.5亿
002246    #北化股份     43.59     109.5亿
000078    #海王生物     319.38    109.5亿
000420    #吉林化纤     251.37    109.4亿
300641    #正丹股份     12.15     109.4亿
300168    #万达信息     -20.12    109.3亿
002839    #张家港行     5.21      109.3亿
600861    #北京人力     8.14      109.3亿
300127    #银河磁体     56.34     109.1亿
300598    #诚迈科技     -120.70   109.1亿
600604    #市北高新     -43.69    109.0亿
000839    #国安股份     967.75    109.0亿
002668    #TCL智家      8.36      109.0亿
002061    #浙江交科     11.42     108.8亿
002527    #新时达       1877.65   108.8亿
301327    #华宝新能     57.18     108.6亿
600389    #江山股份     19.16     108.6亿
301137    #哈焊华通     311.68    108.4亿
300770    #新媒股份     15.88     108.4亿
002099    #海翔药业     1114.07   108.3亿
000950    #重药控股     21.13     108.2亿
688507    #索辰科技     -106.74   108.1亿
688028    #沃尔德       113.29    107.9亿
600821    #金开新能     14.41     107.9亿
300139    #晓程科技     105.18    107.7亿
601882    #海天精工     23.92     107.7亿
603686    #福龙马       71.30     107.7亿
002965    #祥鑫科技     50.90     107.6亿
301090    #华润材料     -84.50    107.3亿
301487    #盟固利       1097.58   107.2亿
002277    #友阿股份     125.87    107.2亿
002511    #中顺洁柔     34.91     107.2亿
000796    #凯撒旅业     -300.07   107.1亿
001285    #瑞立科密     33.84     107.1亿
002233    #塔牌集团     13.66     107.1亿
000561    #烽火电子     -91.55    107.1亿
601101    #昊华能源     14.48     107.0亿
001212    #中旗新材     2168.63   107.0亿
600855    #航天长峰     -103.73   106.9亿
300298    #三诺生物     37.96     106.8亿
000070    #特发信息     1001.56   106.8亿
300075    #数字政通     -153.40   106.8亿
601528    #瑞丰银行     5.25      106.7亿
300153    #科泰电源     209.61    106.7亿
300774    #倍杰特       75.52     106.6亿
688262    #国芯科技     -62.79    106.6亿
301086    #鸿富瀚       97.88     106.6亿
603112    #华翔股份     19.66     106.4亿
301529    #福赛科技     74.78     106.4亿
002004    #华邦健康     13.03     106.3亿
688518    #联赢激光     73.74     106.3亿
605488    #福莱新材     123.40    106.3亿
300678    #中科信息     1764.69   106.2亿
688093    #世华科技     25.13     106.0亿
003039    #顺控发展     38.06     105.9亿
688486    #龙迅股份     63.78     105.9亿
000777    #中核科技     71.16     105.9亿
000503    #国新健康     -57.35    105.9亿
300063    #天龙集团     71.50     105.7亿
300284    #苏交科       100.30    105.7亿
300900    #广联航空     455.81    105.7亿
002051    #中工国际     32.11     105.7亿
300596    #利安隆       20.21     105.7亿
301093    #华兰股份     148.52    105.6亿
688257    #新锐股份     47.82     105.5亿
600567    #山鹰国际     -27.28    105.3亿
001236    #弘业期货     3779.66   105.3亿
603220    #中贝通信     92.83     105.3亿
688513    #苑东生物     35.81     105.1亿
300031    #宝通科技     37.72     105.0亿
002537    #海联金汇     39.23     105.0亿
688236    #春立医疗     41.09     104.9亿
600973    #宝胜股份     132.26    104.9亿
920799    #艾融软件     150.97    104.9亿
603248    #锡华科技     48.68     104.9亿
688788    #科思科技     -41.82    104.8亿
601890    #亚星锚链     37.19     104.8亿
300925    #法本信息     92.34     104.6亿
600033    #福建高速     9.54      104.6亿
002550    #千红制药     20.46     104.6亿
688277    #天智航-U     -68.67    104.4亿
603166    #福达股份     35.36     104.4亿
000949    #新乡化纤     58.77     104.4亿
300872    #天阳科技     135.43    104.3亿
600163    #中闽能源     23.84     104.3亿
300861    #美畅股份     49.78     104.3亿
688177    #百奥泰       -34.93    104.3亿
603508    #思维列控     19.72     104.2亿
300792    #壹网壹创     79.36     104.2亿
301559    #中集环科     78.47     104.2亿
603919    #金徽酒       24.12     104.1亿
002827    #高争民爆     61.93     104.1亿
300963    #中洲特材     144.84    104.0亿
002167    #东方锆业     201.42    103.9亿
002254    #泰和新材     209.88    103.7亿
688593    #新相微       950.48    103.6亿
301330    #熵基科技     60.57     103.6亿
002082    #万邦德       1736.38   103.4亿
000049    #德赛电池     34.38     103.4亿
605188    #国光连锁     674.77    103.3亿
300815    #玉禾田       17.96     103.3亿
002208    #合肥城建     -197.22   103.2亿
002023    #海特高新     65.04     103.2亿
301632    #广东建科     505.70    103.2亿
002897    #意华股份     28.68     103.1亿
002110    #三钢闽光     42.00     103.0亿
920077    #吉林碳谷     59.28     102.7亿
600129    #太极集团     46.42     102.7亿
300648    #星云股份     -220.05   102.7亿
600666    #奥瑞德       26.46     102.6亿
000899    #赣能股份     8.82      102.4亿
002216    #三全食品     19.35     102.1亿
301602    #超研股份     86.07     102.1亿
603277    #银都股份     16.37     101.9亿
300128    #锦富技术     -46.34    101.9亿
002647    #*ST仁东      20.84     101.8亿
002713    #*ST东易      -131.05   101.8亿
688066    #航天宏图     -20.83    101.8亿
300304    #云意电气     23.04     101.8亿
601860    #紫金银行     6.34      101.8亿
600395    #盘江股份     -439.00   101.8亿
300444    #双杰电气     61.01     101.7亿
688232    #新点软件     -71.48    101.6亿
600592    #龙溪股份     65.16     101.6亿
601226    #华电科工     63.44     101.6亿
600587    #新华医疗     17.54     101.6亿
300486    #东杰智能     910.84    101.4亿
300036    #超图软件     177.06    101.4亿
300499    #高澜股份     222.02    101.3亿
300482    #万孚生物     56.80     101.3亿
002458    #益生股份     238.86    101.2亿
600740    #山西焦化     -151.65   101.2亿
301080    #百普赛斯     57.28     101.1亿
002741    #光华科技     83.92     101.1亿
300327    #中颖电子     132.89    101.1亿
603323    #苏农银行     4.43      100.9亿
002471    #中超控股     -302.85   100.9亿
002957    #科瑞技术     30.63     100.8亿
301565    #中仑新材     113.14    100.8亿
002239    #奥特佳       67.04     100.7亿
300352    #北信源       -45.42    100.6亿
603193    #润本股份     28.34     100.5亿
300252    #金信诺       954.76    100.4亿
300539    #横河精密     200.86    100.4亿
600422    #昆药集团     27.95     100.4亿
603043    #广州酒家     16.73     100.3亿
688408    #中信博       61.95     100.3亿
301128    #强瑞技术     64.78     100.1亿
688049    #炬芯科技     49.52     100.1亿
603950    #长源东谷     27.40     100.1亿
688225    #亚信安全     -18.77    100.1亿
002392    #北京利尔     21.59     100.1亿
601886    #江河集团     16.40     100.0亿
603800    #洪田股份     120.14    100.0亿
605305    #中际联合     17.10     99.97亿
002935    #天奥电子     492.27    99.92亿
600810    #神马股份     -225.91   99.90亿
001311    #多利科技     39.10     99.89亿
300263    #隆华科技     41.51     99.88亿
600370    #三房巷       -16.03    99.75亿
002796    #世嘉科技     -146.55   99.68亿
603216    #梦天家居     132.57    99.52亿
002516    #旷达科技     55.09     99.43亿
688787    #海天瑞声     1782.81   99.36亿
601330    #绿色动力     11.89     99.28亿
300783    #三只松鼠     46.28     99.13亿
000922    #佳电股份     37.94     99.10亿
301338    #凯格精机     61.21     98.96亿
002988    #豪美新材     51.71     98.71亿
301071    #力量钻石     159.84    98.62亿
300303    #聚飞光电     35.05     98.61亿
300740    #水羊股份     54.40     98.56亿
688138    #清溢光电     51.41     98.53亿
603938    #三孚股份     115.13    98.45亿
002782    #可立克       31.73     98.30亿
002081    #金螳螂       19.31     98.25亿
688577    #浙海德曼     238.46    98.20亿
300841    #康华生物     38.91     98.11亿
600657    #信达地产     -1.39     98.10亿
000990    #诚志股份     71.01     98.07亿
920599    #同力股份     13.74     98.06亿
688227    #品高股份     -223.74   97.96亿
002892    #科力尔       162.09    97.95亿
688656    #浩欧博       280.41    97.92亿
601579    #会稽山       63.12     97.86亿
300382    #斯莱克       501.50    97.84亿
688221    #前沿生物-U   -45.88    97.77亿
002100    #天康生物     17.81     97.75亿
688611    #杭州柯林     12118.43  97.71亿
688108    #赛诺医疗     346.94    97.69亿
920576    #天力复合     325.84    97.62亿
002664    #信质集团     60.22     97.56亿
300134    #大富科技     -43.13    97.55亿
603219    #富佳股份     62.45     97.52亿
300722    #新余国科     151.76    97.50亿
603416    #信捷电气     40.56     97.43亿
600935    #华塑股份     -60.94    97.42亿
688562    #航天软件     -71.21    97.40亿
300984    #金沃股份     195.56    97.37亿
600955    #维远股份     -40.66    97.24亿
600335    #国机汽车     20.20     97.23亿
300093    #*ST金刚      -18.19    97.20亿
002645    #华宏科技     37.08     97.15亿
002970    #锐明技术     26.57     97.07亿
002960    #青鸟消防     30.53     96.90亿
688596    #正帆科技     101.82    96.80亿
603279    #景津装备     16.67     96.77亿
605008    #长鸿高科     451.89    96.77亿
300143    #盈康生命     83.50     96.68亿
600812    #华北制药     45.71     96.60亿
002533    #金杯电工     15.60     96.51亿
600375    #汉马科技     178.13    96.50亿
301047    #义翘神州     65.63     96.41亿
600789    #鲁抗医药     51.19     96.37亿
300047    #天源迪科     187.10    96.30亿
600698    #湖南天雁     5591.79   96.28亿
688750    #金天钛业     152.23    96.25亿
300451    #创业慧康     -59.03    96.20亿
000541    #佛山照明     51.14     96.14亿
002553    #南方精工     19.66     96.09亿
000690    #宝新能源     8.77      95.96亿
605133    #嵘泰股份     48.55     95.92亿
301369    #联动科技     497.40    95.88亿
601678    #滨化股份     37.38     95.85亿
300443    #金雷股份     23.57     95.85亿
300341    #麦克奥迪     49.87     95.82亿
001896    #豫能控股     24.98     95.82亿
000905    #厦门港务     36.68     95.77亿
600020    #中原高速     7.47      95.74亿
002194    #武汉凡谷     -700.75   95.66亿
000498    #山东路桥     5.09      95.63亿
601908    #京运通       -31.54    95.62亿
688202    #美迪西       -240.94   95.36亿
603977    #国泰集团     37.64     95.36亿
601686    #友发集团     14.26     95.33亿
301196    #唯科科技     32.18     95.32亿
002467    #二六三       94.28     95.31亿
603181    #皇马科技     21.19     95.31亿
688639    #华恒生物     42.62     95.24亿
301408    #华人健康     45.58     95.24亿
600676    #交运股份     -248.18   95.24亿
300226    #上海钢联     42.63     95.23亿
300302    #同有科技     768.99    95.23亿
600874    #创业环保     10.17     95.17亿
300421    #力星股份     138.17    95.15亿
688648    #中邮科技     10.60     95.06亿
600477    #杭萧钢构     47.88     95.00亿
301000    #肇民科技     66.21     94.87亿
300465    #高伟达       333.16    94.83亿
300809    #华辰装备     164.06    94.75亿
000036    #华联控股     198.87    94.62亿
688209    #英集芯       61.91     94.48亿
600650    #锦江在线     77.66     94.44亿
002052    #同洲电子     30.54     94.43亿
600117    #西宁特钢     -12.60    94.40亿
605168    #三人行       48.98     94.34亿
300533    #冰川网络     14.08     94.25亿
603203    #快克智能     35.62     94.24亿
688636    #智明达       86.19     94.22亿
603075    #热威股份     28.67     94.14亿
300256    #星星科技     -1247.37  94.14亿
002761    #浙江建投     46.78     94.12亿
002501    #利源股份     -79.79    94.08亿
688230    #芯导科技     95.82     94.07亿
301631    #壹连科技     31.89     94.05亿
600997    #开滦股份     38.11     94.00亿
603713    #密尔克卫     13.42     93.91亿
000030    #富奥股份     16.01     93.90亿
300080    #易成新能     -26.56    93.86亿
688196    #卓越新能     42.05     93.85亿
000510    #新金路       -89.54    93.71亿
301381    #赛维时代     33.47     93.60亿
603118    #共进股份     81.29     93.53亿
600017    #日照港       13.36     93.50亿
605060    #联德股份     39.42     93.45亿
600510    #黑牡丹       109.69    93.30亿
002125    #湘潭电化     44.47     93.29亿
002635    #安洁科技     69.55     93.21亿
600397    #江钨装备     -22.75    93.06亿
300975    #商络电子     49.31     92.95亿
300222    #科大智能     97.35     92.93亿
002332    #仙琚制药     17.13     92.89亿
603002    #宏昌电子     284.15    92.88亿
600075    #新疆天业     969.57    92.88亿
000928    #中钢国际     12.53     92.82亿
300119    #瑞普生物     19.21     92.81亿
300416    #苏试试验     44.38     92.81亿
002777    #久远银海     162.64    92.79亿
920493    #并行科技     826.56    92.66亿
301687    #新广益       68.58     92.63亿
300663    #科蓝软件     -658.00   92.58亿
603131    #上海沪工     -3518.52  92.57亿
600715    #文投控股     1887.68   92.56亿
300087    #荃银高科     -38.56    92.55亿
301215    #中汽股份     43.40     92.54亿
688252    #天德钰       35.52     92.44亿
301101    #明月镜片     46.48     92.39亿
001298    #好上好       140.86    92.30亿
002346    #柘中股份     19.65     92.29亿
301603    #乔锋智能     25.00     92.22亿
600929    #雪天盐业     211.87    92.17亿
301500    #飞南资源     34.51     92.16亿
300918    #南山智尚     58.85     92.07亿
002077    #大港股份     114.14    92.04亿
301458    #钧崴电子     60.42     91.97亿
000735    #罗牛山       2462.01   91.89亿
301117    #佳缘科技     -720.09   91.84亿
603477    #巨星农牧     64.20     91.76亿
003040    #楚天龙       -156.45   91.72亿
002383    #合众思壮     876.93    91.66亿
300360    #炬华科技     14.25     91.17亿
688515    #裕太微-U     -53.62    91.16亿
300863    #卡倍亿       49.70     91.13亿
688275    #万润新能     -19.41    91.11亿
600053    #九鼎投资     -136.75   91.04亿
688505    #复旦张江     -428.31   91.01亿
603227    #雪峰科技     17.34     90.99亿
002540    #亚太科技     23.17     90.96亿
300579    #数字认证     -59.52    90.80亿
300046    #台基股份     120.08    90.76亿
003041    #真爱美家     29.52     90.66亿
601133    #柏诚股份     51.11     90.61亿
300581    #晨曦航空     -155.21   90.60亿
002029    #七匹狼       16.84     90.45亿
601339    #百隆东方     12.34     90.42亿
688553    #汇宇制药-W   -133.38   90.35亿
688119    #中钢洛耐     298.73    90.34亿
301256    #华融化学     127.58    90.34亿
301153    #中科江南     -105.36   90.26亿
000767    #晋控电力     21.44     90.15亿
603887    #城地香江     2369.17   90.12亿
003006    #百亚股份     27.60     90.01亿
300702    #天宇股份     30.55     89.99亿
603969    #银龙股份     24.70     89.94亿
301566    #达利凯普     53.32     89.80亿
300401    #花园生物     28.77     89.78亿
600724    #宁波富达     39.82     89.75亿
002612    #朗姿股份     6.80      89.68亿
600771    #广誉远       85.21     89.63亿
688710    #益诺思       -454.45   89.61亿
301339    #通行宝       39.95     89.55亿
002030    #达安基因     -47.46    89.54亿
301175    #中科环保     22.49     89.49亿
002707    #众信旅游     99.97     89.33亿
300709    #精研科技     44.41     89.26亿
301246    #宏源药业     -6083.77  89.24亿
300695    #兆丰股份     22.11     89.24亿
603567    #珍宝岛       -17.93    89.21亿
600496    #精工钢构     11.34     89.16亿
600123    #兰花科创     635.81    89.13亿
000885    #城发环境     7.32      89.12亿
600851    #海欣股份     46.40     89.08亿
301608    #博实结       36.94     88.90亿
002298    #中电鑫龙     244.53    88.89亿
300976    #达瑞电子     28.84     88.84亿
002819    #东方中科     -81.07    88.83亿
600305    #恒顺醋业     46.96     88.74亿
300291    #百纳千成     -98.53    88.73亿
688105    #诺唯赞       1005.58   88.69亿
688583    #思看科技     84.09     88.67亿
600664    #哈药股份     20.23     88.65亿
300708    #聚灿光电     38.38     88.54亿
600826    #兰生股份     36.64     88.48亿
920037    #广信科技     44.25     88.48亿
000059    #华锦股份     -4.76     88.45亿
600643    #爱建集团     35.32     88.42亿
002649    #博彦科技     36.20     88.39亿
300145    #南方泵业     23.32     88.36亿
300696    #爱乐达       141.74    88.36亿
603053    #成都燃气     15.92     88.36亿
000566    #海南海药     -27.35    88.35亿
600508    #上海能源     25.96     88.32亿
605555    #德昌股份     40.89     88.29亿
688488    #艾迪药业     -967.91   88.28亿
600172    #黄河旋风     -12.66    88.26亿
301592    #六九一二     -294.09   88.23亿
002219    #新里程       -171.71   88.07亿
002721    #金一文化     -174.57   88.03亿
002803    #吉宏股份     30.60     87.96亿
688575    #亚辉龙       109.08    87.88亿
300019    #硅宝科技     28.77     87.86亿
600103    #青山纸业     101.37    87.84亿
002309    #中利集团     -46.93    87.82亿
600917    #重庆燃气     47.05     87.73亿
600846    #同济科技     39.96     87.72亿
002169    #智光电气     -128.25   87.66亿
002210    #飞马国际     458.12    87.55亿
002832    #比音勒芬     10.59     87.49亿
688539    #高华科技     126.11    87.42亿
300278    #华昌达       550.02    87.38亿
300685    #艾德生物     24.95     87.31亿
300123    #亚光科技     -66.19    87.26亿
002697    #红旗连锁     17.09     87.18亿
600966    #博汇纸业     53.82     87.16亿
002530    #金财互联     113.58    87.11亿
