600009 #上海机场
600018 #上港集团
600026 #中远海能
600029 #南方航空
600031 #三一重工
600039 #四川路桥
600066 #宇通客车
600089 #特变电工
600115 #中国东航
600150 #中国船舶
600233 #圆通速递
600350 #山东高速
600372 #中航机载
600377 #宁沪高速
600406 #国电南瑞
600415 #小商品城
600438 #通威股份
600482 #中国动力
600760 #中航沈飞
600875 #东方电气
600893 #航发动力
601006 #大秦铁路
601012 #隆基绿能
601018 #宁波港
601021 #春秋航空
601061 #中信金属
601100 #恒立液压
601111 #中国国航
601117 #中国化学
601186 #中国铁建
601298 #青岛港
601390 #中国中铁
601618 #中国中冶
601668 #中国建筑
601669 #中国电建
601727 #上海电气
601766 #中国中车
601800 #中国交建
601816 #京沪高铁
601868 #中国能建
601872 #招商轮船
601877 #正泰电器
601919 #中远海控
603659 #璞泰来
605117 #德业股份
688009 #中国通号
688187 #时代电气
688223 #晶科能源
688303 #大全能源
688472 #阿特斯
